
Optional file libmchp_peripheral.a not found

Optional file libmchp_peripheral_32MX795F512L.a not found
Archive member included because of file (symbol)

/Applications/microchip/xc32/v1.42/bin/bin/../../lib/gcc/pic32mx/4.8.3/libgcc.a(_umoddi3.o)
                              build/default/production/_ext/1360937237/message.o (__umoddi3)
/Applications/microchip/xc32/v1.42/bin/bin/../../lib/gcc/pic32mx/4.8.3/../../../../pic32mx/lib/libpic32.a(memcpy.o)
                              build/default/production/_ext/1128951024/queue.o (memcpy)
/Applications/microchip/xc32/v1.42/bin/bin/../../lib/gcc/pic32mx/4.8.3/../../../../pic32mx/lib/libpic32.a(memset.o)
                              build/default/production/_ext/1128951024/tasks.o (memset)
/Applications/microchip/xc32/v1.42/bin/bin/../../lib/gcc/pic32mx/4.8.3/../../../../pic32mx/lib/libpic32.a(default-bootstrap-exception-handler.o)
                              /Applications/microchip/xc32/v1.42/bin/bin/../../lib/gcc/pic32mx/4.8.3/../../../../pic32mx/lib/./proc/32MX795F512L/crt0_mips32r2.o (_bootstrap_exception_handler)
/Applications/microchip/xc32/v1.42/bin/bin/../../lib/gcc/pic32mx/4.8.3/../../../../pic32mx/lib/libpic32.a(default-on-reset.o)
                              /Applications/microchip/xc32/v1.42/bin/bin/../../lib/gcc/pic32mx/4.8.3/../../../../pic32mx/lib/./proc/32MX795F512L/crt0_mips32r2.o (_on_reset)
/Applications/microchip/xc32/v1.42/bin/bin/../../lib/gcc/pic32mx/4.8.3/../../../../pic32mx/lib/libpic32.a(default-on-bootstrap.o)
                              /Applications/microchip/xc32/v1.42/bin/bin/../../lib/gcc/pic32mx/4.8.3/../../../../pic32mx/lib/./proc/32MX795F512L/crt0_mips32r2.o (_on_bootstrap)
/Applications/microchip/xc32/v1.42/bin/bin/../../lib/gcc/pic32mx/4.8.3/../../../../pic32mx/lib/libpic32.a(default-nmi-handler.o)
                              /Applications/microchip/xc32/v1.42/bin/bin/../../lib/gcc/pic32mx/4.8.3/../../../../pic32mx/lib/./proc/32MX795F512L/crt0_mips32r2.o (_nmi_handler)
/Applications/microchip/xc32/v1.42/bin/bin/../../lib/gcc/pic32mx/4.8.3/../../../../pic32mx/lib/libpic32.a(general-exception.o)
                              /Applications/microchip/xc32/v1.42/bin/bin/../../lib/gcc/pic32mx/4.8.3/../../../../pic32mx/lib/./proc/32MX795F512L/crt0_mips32r2.o (_general_exception_context)
/Applications/microchip/xc32/v1.42/bin/bin/../../lib/gcc/pic32mx/4.8.3/../../../../pic32mx/lib/libpic32.a(vector0.o)
                              /Applications/microchip/xc32/v1.42/bin/bin/../../lib/gcc/pic32mx/4.8.3/../../../../pic32mx/lib/./proc/32MX795F512L/default_isr_vectors.o (__vector_dispatch_0)
/Applications/microchip/xc32/v1.42/bin/bin/../../lib/gcc/pic32mx/4.8.3/../../../../pic32mx/lib/libpic32.a(vector2.o)
                              /Applications/microchip/xc32/v1.42/bin/bin/../../lib/gcc/pic32mx/4.8.3/../../../../pic32mx/lib/./proc/32MX795F512L/default_isr_vectors.o (__vector_dispatch_2)
/Applications/microchip/xc32/v1.42/bin/bin/../../lib/gcc/pic32mx/4.8.3/../../../../pic32mx/lib/libpic32.a(vector3.o)
                              /Applications/microchip/xc32/v1.42/bin/bin/../../lib/gcc/pic32mx/4.8.3/../../../../pic32mx/lib/./proc/32MX795F512L/default_isr_vectors.o (__vector_dispatch_3)
/Applications/microchip/xc32/v1.42/bin/bin/../../lib/gcc/pic32mx/4.8.3/../../../../pic32mx/lib/libpic32.a(vector5.o)
                              /Applications/microchip/xc32/v1.42/bin/bin/../../lib/gcc/pic32mx/4.8.3/../../../../pic32mx/lib/./proc/32MX795F512L/default_isr_vectors.o (__vector_dispatch_5)
/Applications/microchip/xc32/v1.42/bin/bin/../../lib/gcc/pic32mx/4.8.3/../../../../pic32mx/lib/libpic32.a(vector6.o)
                              /Applications/microchip/xc32/v1.42/bin/bin/../../lib/gcc/pic32mx/4.8.3/../../../../pic32mx/lib/./proc/32MX795F512L/default_isr_vectors.o (__vector_dispatch_6)
/Applications/microchip/xc32/v1.42/bin/bin/../../lib/gcc/pic32mx/4.8.3/../../../../pic32mx/lib/libpic32.a(vector7.o)
                              /Applications/microchip/xc32/v1.42/bin/bin/../../lib/gcc/pic32mx/4.8.3/../../../../pic32mx/lib/./proc/32MX795F512L/default_isr_vectors.o (__vector_dispatch_7)
/Applications/microchip/xc32/v1.42/bin/bin/../../lib/gcc/pic32mx/4.8.3/../../../../pic32mx/lib/libpic32.a(vector8.o)
                              /Applications/microchip/xc32/v1.42/bin/bin/../../lib/gcc/pic32mx/4.8.3/../../../../pic32mx/lib/./proc/32MX795F512L/default_isr_vectors.o (__vector_dispatch_8)
/Applications/microchip/xc32/v1.42/bin/bin/../../lib/gcc/pic32mx/4.8.3/../../../../pic32mx/lib/libpic32.a(vector9.o)
                              /Applications/microchip/xc32/v1.42/bin/bin/../../lib/gcc/pic32mx/4.8.3/../../../../pic32mx/lib/./proc/32MX795F512L/default_isr_vectors.o (__vector_dispatch_9)
/Applications/microchip/xc32/v1.42/bin/bin/../../lib/gcc/pic32mx/4.8.3/../../../../pic32mx/lib/libpic32.a(vector10.o)
[...]
Memory Configuration

Name             Origin             Length             Attributes
kseg0_program_mem 0x9d000000         0x00080000         xr
kseg0_boot_mem   0x9fc00490         0x00000970
exception_mem    0x9fc01000         0x00001000
kseg1_boot_mem   0xbfc00000         0x00000490
debug_exec_mem   0xbfc02000         0x00000ff0
config3          0xbfc02ff0         0x00000004
config2          0xbfc02ff4         0x00000004
config1          0xbfc02ff8         0x00000004
config0          0xbfc02ffc         0x00000004
kseg1_data_mem   0xa0000000         0x00020000         w !x
sfrs             0xbf800000         0x00100000
configsfrs       0xbfc02ff0         0x00000010
*default*        0x00000000         0xffffffff

Linker script and memory map

LOAD /Applications/microchip/xc32/v1.42/bin/bin/../../lib/gcc/pic32mx/4.8.3/../../../../pic32mx/lib/./proc/32MX795F512L/crt0_mips32r2.o
LOAD /Applications/microchip/xc32/v1.42/bin/bin/../../lib/gcc/pic32mx/4.8.3/../../../../pic32mx/lib/debug-exception-return.o
LOAD build/default/production/_ext/1688732426/system_interrupt_a.o
LOAD build/default/production/_ext/1360937237/app.o
LOAD build/default/production/_ext/1360937237/debug.o
LOAD build/default/production/_ext/1360937237/main.o
LOAD build/default/production/_ext/1360937237/message.o
LOAD build/default/production/_ext/260586732/drv_usart.o
LOAD build/default/production/_ext/260586732/drv_usart_buffer_queue.o
LOAD build/default/production/_ext/24337685/osal_freertos.o
LOAD build/default/production/_ext/1271179505/sys_devcon.o
LOAD build/default/production/_ext/1271179505/sys_devcon_pic32mx.o
LOAD build/default/production/_ext/122796885/sys_int_pic32.o
LOAD build/default/production/_ext/1856876499/heap_1.o
LOAD build/default/production/_ext/12131622/port.o
LOAD build/default/production/_ext/12131622/port_asm.o
LOAD build/default/production/_ext/1128951024/croutine.o
LOAD build/default/production/_ext/1128951024/list.o
LOAD build/default/production/_ext/1128951024/queue.o
LOAD build/default/production/_ext/1128951024/tasks.o
LOAD build/default/production/_ext/1128951024/timers.o
LOAD build/default/production/_ext/1128951024/event_groups.o
LOAD build/default/production/_ext/639803181/sys_clk_static.o
LOAD build/default/production/_ext/822048611/sys_ports_static.o
LOAD build/default/production/_ext/1688732426/rtos_hooks.o
LOAD build/default/production/_ext/1688732426/system_exceptions.o
LOAD build/default/production/_ext/1688732426/system_init.o
LOAD build/default/production/_ext/1688732426/system_interrupt.o
LOAD build/default/production/_ext/1688732426/system_tasks.o
LOAD ../../../../bin/framework/peripheral/PIC32MX795F512L_peripherals.a
LOAD ../../../../framework/tcpip/src/crypto/aes_pic32mx.a
                0x00000001                __MPLAB_BUILD = 0x1
                0x00000000                _min_heap_size = 0x0
LOAD /Applications/microchip/xc32/v1.42/bin/bin/../../lib/gcc/pic32mx/4.8.3/../../../../pic32mx/lib/./proc/32MX795F512L/default_isr_vectors.o
LOAD /Applications/microchip/xc32/v1.42/bin/bin/../../lib/gcc/pic32mx/4.8.3/../../../../pic32mx/lib/pic32_software_reset.o
                0x00000400                PROVIDE (_min_stack_size, 0x400)
LOAD /Applications/microchip/xc32/v1.42/bin/bin/../../lib/gcc/pic32mx/4.8.3/../../../../pic32mx/lib/./proc/32MX795F512L/processor.o
START GROUP
LOAD libmchp_peripheral.a
END GROUP
START GROUP
LOAD libmchp_peripheral_32MX795F512L.a
END GROUP
                0x00000001                PROVIDE (_vector_spacing, 0x1)
                0x9fc01000                PROVIDE (_ebase_address, 0x9fc01000)
                0xbfc00000                _RESET_ADDR = 0xbfc00000
                0xbfc00380                _BEV_EXCPT_ADDR = 0xbfc00380
                0xbfc00480                _DBG_EXCPT_ADDR = 0xbfc00480
                0xbfc02000                _DBG_CODE_ADDR = 0xbfc02000
                0x00000ff0                _DBG_CODE_SIZE = 0xff0
                0x9fc01180                _GEN_EXCPT_ADDR = (_ebase_address + 0x180)

.config_BFC02FF0
                0xbfc02ff0        0x4
 *(.config_BFC02FF0)
 .config_BFC02FF0
                0xbfc02ff0        0x4 build/default/production/_ext/1688732426/system_init.o

.config_BFC02FF4
                0xbfc02ff4        0x4
 *(.config_BFC02FF4)
 .config_BFC02FF4
                0xbfc02ff4        0x4 build/default/production/_ext/1688732426/system_init.o

.config_BFC02FF8
                0xbfc02ff8        0x4
 *(.config_BFC02FF8)
 .config_BFC02FF8
                0xbfc02ff8        0x4 build/default/production/_ext/1688732426/system_init.o

.config_BFC02FFC
                0xbfc02ffc        0x4
 *(.config_BFC02FFC)
 .config_BFC02FFC
                0xbfc02ffc        0x4 build/default/production/_ext/1688732426/system_init.o
                0xbfc02000                PROVIDE (_DBG_CODE_ADDR, 0xbfc02000)
                0x00000ff0                PROVIDE (_DBG_CODE_SIZE, 0xff0)

.reset          0xbfc00000      0x208
 *(.reset)
 .reset         0xbfc00000        0x8 /Applications/microchip/xc32/v1.42/bin/bin/../../lib/gcc/pic32mx/4.8.3/../../../../pic32mx/lib/./proc/32MX795F512L/crt0_mips32r2.o
                0xbfc00000                _reset
 *(.reset.startup)
 .reset.startup
                0xbfc00008      0x200 /Applications/microchip/xc32/v1.42/bin/bin/../../lib/gcc/pic32mx/4.8.3/../../../../pic32mx/lib/./proc/32MX795F512L/crt0_mips32r2.o

.bev_excpt      0xbfc00380       0x10
 *(.bev_handler)
 .bev_handler   0xbfc00380       0x10 /Applications/microchip/xc32/v1.42/bin/bin/../../lib/gcc/pic32mx/4.8.3/../../../../pic32mx/lib/./proc/32MX795F512L/crt0_mips32r2.o

.dbg_excpt      0xbfc00480        0x0
                0xbfc00480                . = (. + DEFINED (_DEBUGGER)?0x8:0x0)

.dbg_code       0xbfc02000        0x0
                0xbfc02000                . = (. + DEFINED (_DEBUGGER)?_DBG_CODE_SIZE:0x0)

.app_excpt      0x9fc01180       0x10
 *(.gen_handler)
 .gen_handler   0x9fc01180       0x10 /Applications/microchip/xc32/v1.42/bin/bin/../../lib/gcc/pic32mx/4.8.3/../../../../pic32mx/lib/./proc/32MX795F512L/crt0_mips32r2.o

.vector_0       0x9fc01200        0x8
 *(.vector_0)
 .vector_0      0x9fc01200        0x8 /Applications/microchip/xc32/v1.42/bin/bin/../../lib/gcc/pic32mx/4.8.3/../../../../pic32mx/lib/libpic32.a(vector0.o)
                0x9fc01200                __vector_dispatch_0
                0x00000001                ASSERT (((_vector_spacing == 0x0) || (SIZEOF (.vector_0) <= (_vector_spacing << 0x5))), function at exception vector 0 too large)

.vector_1       0x9fc01220        0x8
 *(.vector_1)
 .vector_1      0x9fc01220        0x8 build/default/production/_ext/12131622/port.o
                0x9fc01220                __vector_dispatch_1
                0x00000001                ASSERT (((_vector_spacing == 0x0) || (SIZEOF (.vector_1) <= (_vector_spacing << 0x5))), function at exception vector 1 too large)

.vector_2       0x9fc01240        0x8
 *(.vector_2)
 .vector_2      0x9fc01240        0x8 /Applications/microchip/xc32/v1.42/bin/bin/../../lib/gcc/pic32mx/4.8.3/../../../../pic32mx/lib/libpic32.a(vector2.o)
                0x9fc01240                __vector_dispatch_2
                0x00000001                ASSERT (((_vector_spacing == 0x0) || (SIZEOF (.vector_2) <= (_vector_spacing << 0x5))), function at exception vector 2 too large)

.vector_3       0x9fc01260        0x8
 *(.vector_3)
 .vector_3      0x9fc01260        0x8 /Applications/microchip/xc32/v1.42/bin/bin/../../lib/gcc/pic32mx/4.8.3/../../../../pic32mx/lib/libpic32.a(vector3.o)
                0x9fc01260                __vector_dispatch_3
                0x00000001                ASSERT (((_vector_spacing == 0x0) || (SIZEOF (.vector_3) <= (_vector_spacing << 0x5))), function at exception vector 3 too large)

.vector_4       0x9fc01280        0x8
 *(.vector_4)
 .vector_4      0x9fc01280        0x8 build/default/production/_ext/12131622/port.o
                0x9fc01280                __vector_dispatch_4
                0x00000001                ASSERT (((_vector_spacing == 0x0) || (SIZEOF (.vector_4) <= (_vector_spacing << 0x5))), function at exception vector 4 too large)

.vector_5       0x9fc012a0        0x8
 *(.vector_5)
 .vector_5      0x9fc012a0        0x8 /Applications/microchip/xc32/v1.42/bin/bin/../../lib/gcc/pic32mx/4.8.3/../../../../pic32mx/lib/libpic32.a(vector5.o)
                0x9fc012a0                __vector_dispatch_5
                0x00000001                ASSERT (((_vector_spacing == 0x0) || (SIZEOF (.vector_5) <= (_vector_spacing << 0x5))), function at exception vector 5 too large)

.vector_6       0x9fc012c0        0x8
 *(.vector_6)
 .vector_6      0x9fc012c0        0x8 /Applications/microchip/xc32/v1.42/bin/bin/../../lib/gcc/pic32mx/4.8.3/../../../../pic32mx/lib/libpic32.a(vector6.o)
                0x9fc012c0                __vector_dispatch_6
                0x00000001                ASSERT (((_vector_spacing == 0x0) || (SIZEOF (.vector_6) <= (_vector_spacing << 0x5))), function at exception vector 6 too large)

.vector_7       0x9fc012e0        0x8
 *(.vector_7)
 .vector_7      0x9fc012e0        0x8 /Applications/microchip/xc32/v1.42/bin/bin/../../lib/gcc/pic32mx/4.8.3/../../../../pic32mx/lib/libpic32.a(vector7.o)
                0x9fc012e0                __vector_dispatch_7
                0x00000001                ASSERT (((_vector_spacing == 0x0) || (SIZEOF (.vector_7) <= (_vector_spacing << 0x5))), function at exception vector 7 too large)

.vector_8       0x9fc01300        0x8
 *(.vector_8)
 .vector_8      0x9fc01300        0x8 /Applications/microchip/xc32/v1.42/bin/bin/../../lib/gcc/pic32mx/4.8.3/../../../../pic32mx/lib/libpic32.a(vector8.o)
                0x9fc01300                __vector_dispatch_8
                0x00000001                ASSERT (((_vector_spacing == 0x0) || (SIZEOF (.vector_8) <= (_vector_spacing << 0x5))), function at exception vector 8 too large)

.vector_9       0x9fc01320        0x8
 *(.vector_9)
 .vector_9      0x9fc01320        0x8 /Applications/microchip/xc32/v1.42/bin/bin/../../lib/gcc/pic32mx/4.8.3/../../../../pic32mx/lib/libpic32.a(vector9.o)
                0x9fc01320                __vector_dispatch_9
                0x00000001                ASSERT (((_vector_spacing == 0x0) || (SIZEOF (.vector_9) <= (_vector_spacing << 0x5))), function at exception vector 9 too large)

.vector_10      0x9fc01340        0x8
 *(.vector_10)
 .vector_10     0x9fc01340        0x8 /Applications/microchip/xc32/v1.42/bin/bin/../../lib/gcc/pic32mx/4.8.3/../../../../pic32mx/lib/libpic32.a(vector10.o)
                0x9fc01340                __vector_dispatch_10
                0x00000001                ASSERT (((_vector_spacing == 0x0) || (SIZEOF (.vector_10) <= (_vector_spacing << 0x5))), function at exception vector 10 too large)

.vector_11      0x9fc01360        0x8
 *(.vector_11)
 .vector_11     0x9fc01360        0x8 /Applications/microchip/xc32/v1.42/bin/bin/../../lib/gcc/pic32mx/4.8.3/../../../../pic32mx/lib/libpic32.a(vector11.o)
                0x9fc01360                __vector_dispatch_11
                0x00000001                ASSERT (((_vector_spacing == 0x0) || (SIZEOF (.vector_11) <= (_vector_spacing << 0x5))), function at exception vector 11 too large)

.vector_12      0x9fc01380        0x8
 *(.vector_12)
 .vector_12     0x9fc01380        0x8 /Applications/microchip/xc32/v1.42/bin/bin/../../lib/gcc/pic32mx/4.8.3/../../../../pic32mx/lib/libpic32.a(vector12.o)
                0x9fc01380                __vector_dispatch_12
                0x00000001                ASSERT (((_vector_spacing == 0x0) || (SIZEOF (.vector_12) <= (_vector_spacing << 0x5))), function at exception vector 12 too large)

.vector_13      0x9fc013a0        0x8
 *(.vector_13)
 .vector_13     0x9fc013a0        0x8 /Applications/microchip/xc32/v1.42/bin/bin/../../lib/gcc/pic32mx/4.8.3/../../../../pic32mx/lib/libpic32.a(vector13.o)
                0x9fc013a0                __vector_dispatch_13
                0x00000001                ASSERT (((_vector_spacing == 0x0) || (SIZEOF (.vector_13) <= (_vector_spacing << 0x5))), function at exception vector 13 too large)

.vector_14      0x9fc013c0        0x8
 *(.vector_14)
 .vector_14     0x9fc013c0        0x8 /Applications/microchip/xc32/v1.42/bin/bin/../../lib/gcc/pic32mx/4.8.3/../../../../pic32mx/lib/libpic32.a(vector14.o)
                0x9fc013c0                __vector_dispatch_14
                0x00000001                ASSERT (((_vector_spacing == 0x0) || (SIZEOF (.vector_14) <= (_vector_spacing << 0x5))), function at exception vector 14 too large)

.vector_15      0x9fc013e0        0x8
 *(.vector_15)
 .vector_15     0x9fc013e0        0x8 /Applications/microchip/xc32/v1.42/bin/bin/../../lib/gcc/pic32mx/4.8.3/../../../../pic32mx/lib/libpic32.a(vector15.o)
                0x9fc013e0                __vector_dispatch_15
                0x00000001                ASSERT (((_vector_spacing == 0x0) || (SIZEOF (.vector_15) <= (_vector_spacing << 0x5))), function at exception vector 15 too large)

.vector_16      0x9fc01400        0x8
 *(.vector_16)
 .vector_16     0x9fc01400        0x8 /Applications/microchip/xc32/v1.42/bin/bin/../../lib/gcc/pic32mx/4.8.3/../../../../pic32mx/lib/libpic32.a(vector16.o)
                0x9fc01400                __vector_dispatch_16
                0x00000001                ASSERT (((_vector_spacing == 0x0) || (SIZEOF (.vector_16) <= (_vector_spacing << 0x5))), function at exception vector 16 too large)

.vector_17      0x9fc01420        0x8
 *(.vector_17)
 .vector_17     0x9fc01420        0x8 /Applications/microchip/xc32/v1.42/bin/bin/../../lib/gcc/pic32mx/4.8.3/../../../../pic32mx/lib/libpic32.a(vector17.o)
                0x9fc01420                __vector_dispatch_17
                0x00000001                ASSERT (((_vector_spacing == 0x0) || (SIZEOF (.vector_17) <= (_vector_spacing << 0x5))), function at exception vector 17 too large)

.vector_18      0x9fc01440        0x8
 *(.vector_18)
 .vector_18     0x9fc01440        0x8 /Applications/microchip/xc32/v1.42/bin/bin/../../lib/gcc/pic32mx/4.8.3/../../../../pic32mx/lib/libpic32.a(vector18.o)
                0x9fc01440                __vector_dispatch_18
                0x00000001                ASSERT (((_vector_spacing == 0x0) || (SIZEOF (.vector_18) <= (_vector_spacing << 0x5))), function at exception vector 18 too large)

.vector_19      0x9fc01460        0x8
 *(.vector_19)
 .vector_19     0x9fc01460        0x8 /Applications/microchip/xc32/v1.42/bin/bin/../../lib/gcc/pic32mx/4.8.3/../../../../pic32mx/lib/libpic32.a(vector19.o)
                0x9fc01460                __vector_dispatch_19
                0x00000001                ASSERT (((_vector_spacing == 0x0) || (SIZEOF (.vector_19) <= (_vector_spacing << 0x5))), function at exception vector 19 too large)

.vector_20      0x9fc01480        0x8
 *(.vector_20)
 .vector_20     0x9fc01480        0x8 /Applications/microchip/xc32/v1.42/bin/bin/../../lib/gcc/pic32mx/4.8.3/../../../../pic32mx/lib/libpic32.a(vector20.o)
                0x9fc01480                __vector_dispatch_20
                0x00000001                ASSERT (((_vector_spacing == 0x0) || (SIZEOF (.vector_20) <= (_vector_spacing << 0x5))), function at exception vector 20 too large)

.vector_21      0x9fc014a0        0x8
 *(.vector_21)
 .vector_21     0x9fc014a0        0x8 /Applications/microchip/xc32/v1.42/bin/bin/../../lib/gcc/pic32mx/4.8.3/../../../../pic32mx/lib/libpic32.a(vector21.o)
                0x9fc014a0                __vector_dispatch_21
                0x00000001                ASSERT (((_vector_spacing == 0x0) || (SIZEOF (.vector_21) <= (_vector_spacing << 0x5))), function at exception vector 21 too large)

.vector_22      0x9fc014c0        0x8
 *(.vector_22)
 .vector_22     0x9fc014c0        0x8 /Applications/microchip/xc32/v1.42/bin/bin/../../lib/gcc/pic32mx/4.8.3/../../../../pic32mx/lib/libpic32.a(vector22.o)
                0x9fc014c0                __vector_dispatch_22
                0x00000001                ASSERT (((_vector_spacing == 0x0) || (SIZEOF (.vector_22) <= (_vector_spacing << 0x5))), function at exception vector 22 too large)

.vector_23      0x9fc014e0        0x8
 *(.vector_23)
 .vector_23     0x9fc014e0        0x8 /Applications/microchip/xc32/v1.42/bin/bin/../../lib/gcc/pic32mx/4.8.3/../../../../pic32mx/lib/libpic32.a(vector23.o)
                0x9fc014e0                __vector_dispatch_23
                0x00000001                ASSERT (((_vector_spacing == 0x0) || (SIZEOF (.vector_23) <= (_vector_spacing << 0x5))), function at exception vector 23 too large)

.vector_24      0x9fc01500       0x10
 *(.vector_24)
 .vector_24     0x9fc01500       0x10 build/default/production/_ext/1688732426/system_interrupt_a.o
                0x9fc01500                __vector_dispatch_24
                0x00000001                ASSERT (((_vector_spacing == 0x0) || (SIZEOF (.vector_24) <= (_vector_spacing << 0x5))), function at exception vector 24 too large)

.vector_25      0x9fc01520        0x8
 *(.vector_25)
 .vector_25     0x9fc01520        0x8 /Applications/microchip/xc32/v1.42/bin/bin/../../lib/gcc/pic32mx/4.8.3/../../../../pic32mx/lib/libpic32.a(vector25.o)
                0x9fc01520                __vector_dispatch_25
                0x00000001                ASSERT (((_vector_spacing == 0x0) || (SIZEOF (.vector_25) <= (_vector_spacing << 0x5))), function at exception vector 25 too large)

.vector_26      0x9fc01540        0x8
 *(.vector_26)
 .vector_26     0x9fc01540        0x8 /Applications/microchip/xc32/v1.42/bin/bin/../../lib/gcc/pic32mx/4.8.3/../../../../pic32mx/lib/libpic32.a(vector26.o)
                0x9fc01540                __vector_dispatch_26
                0x00000001                ASSERT (((_vector_spacing == 0x0) || (SIZEOF (.vector_26) <= (_vector_spacing << 0x5))), function at exception vector 26 too large)

.vector_27      0x9fc01560        0x8
 *(.vector_27)
 .vector_27     0x9fc01560        0x8 /Applications/microchip/xc32/v1.42/bin/bin/../../lib/gcc/pic32mx/4.8.3/../../../../pic32mx/lib/libpic32.a(vector27.o)
                0x9fc01560                __vector_dispatch_27
                0x00000001                ASSERT (((_vector_spacing == 0x0) || (SIZEOF (.vector_27) <= (_vector_spacing << 0x5))), function at exception vector 27 too large)

.vector_28      0x9fc01580        0x8
 *(.vector_28)
 .vector_28     0x9fc01580        0x8 /Applications/microchip/xc32/v1.42/bin/bin/../../lib/gcc/pic32mx/4.8.3/../../../../pic32mx/lib/libpic32.a(vector28.o)
                0x9fc01580                __vector_dispatch_28
                0x00000001                ASSERT (((_vector_spacing == 0x0) || (SIZEOF (.vector_28) <= (_vector_spacing << 0x5))), function at exception vector 28 too large)

.vector_29      0x9fc015a0        0x8
 *(.vector_29)
 .vector_29     0x9fc015a0        0x8 /Applications/microchip/xc32/v1.42/bin/bin/../../lib/gcc/pic32mx/4.8.3/../../../../pic32mx/lib/libpic32.a(vector29.o)
                0x9fc015a0                __vector_dispatch_29
                0x00000001                ASSERT (((_vector_spacing == 0x0) || (SIZEOF (.vector_29) <= (_vector_spacing << 0x5))), function at exception vector 29 too large)

.vector_30      0x9fc015c0        0x8
 *(.vector_30)
 .vector_30     0x9fc015c0        0x8 /Applications/microchip/xc32/v1.42/bin/bin/../../lib/gcc/pic32mx/4.8.3/../../../../pic32mx/lib/libpic32.a(vector30.o)
                0x9fc015c0                __vector_dispatch_30
                0x00000001                ASSERT (((_vector_spacing == 0x0) || (SIZEOF (.vector_30) <= (_vector_spacing << 0x5))), function at exception vector 30 too large)

.vector_31      0x9fc015e0        0x8
 *(.vector_31)
 .vector_31     0x9fc015e0        0x8 /Applications/microchip/xc32/v1.42/bin/bin/../../lib/gcc/pic32mx/4.8.3/../../../../pic32mx/lib/libpic32.a(vector31.o)
                0x9fc015e0                __vector_dispatch_31
                0x00000001                ASSERT (((_vector_spacing == 0x0) || (SIZEOF (.vector_31) <= (_vector_spacing << 0x5))), function at exception vector 31 too large)

.vector_32      0x9fc01600        0x8
 *(.vector_32)
 .vector_32     0x9fc01600        0x8 /Applications/microchip/xc32/v1.42/bin/bin/../../lib/gcc/pic32mx/4.8.3/../../../../pic32mx/lib/libpic32.a(vector32.o)
                0x9fc01600                __vector_dispatch_32
                0x00000001                ASSERT (((_vector_spacing == 0x0) || (SIZEOF (.vector_32) <= (_vector_spacing << 0x5))), function at exception vector 32 too large)

.vector_33      0x9fc01620        0x8
 *(.vector_33)
 .vector_33     0x9fc01620        0x8 /Applications/microchip/xc32/v1.42/bin/bin/../../lib/gcc/pic32mx/4.8.3/../../../../pic32mx/lib/libpic32.a(vector33.o)
                0x9fc01620                __vector_dispatch_33
                0x00000001                ASSERT (((_vector_spacing == 0x0) || (SIZEOF (.vector_33) <= (_vector_spacing << 0x5))), function at exception vector 33 too large)

.vector_34      0x9fc01640        0x8
 *(.vector_34)
 .vector_34     0x9fc01640        0x8 /Applications/microchip/xc32/v1.42/bin/bin/../../lib/gcc/pic32mx/4.8.3/../../../../pic32mx/lib/libpic32.a(vector34.o)
                0x9fc01640                __vector_dispatch_34
                0x00000001                ASSERT (((_vector_spacing == 0x0) || (SIZEOF (.vector_34) <= (_vector_spacing << 0x5))), function at exception vector 34 too large)

.vector_35      0x9fc01660        0x8
 *(.vector_35)
 .vector_35     0x9fc01660        0x8 /Applications/microchip/xc32/v1.42/bin/bin/../../lib/gcc/pic32mx/4.8.3/../../../../pic32mx/lib/libpic32.a(vector35.o)
                0x9fc01660                __vector_dispatch_35
                0x00000001                ASSERT (((_vector_spacing == 0x0) || (SIZEOF (.vector_35) <= (_vector_spacing << 0x5))), function at exception vector 35 too large)

.vector_36      0x9fc01680        0x8
 *(.vector_36)
 .vector_36     0x9fc01680        0x8 /Applications/microchip/xc32/v1.42/bin/bin/../../lib/gcc/pic32mx/4.8.3/../../../../pic32mx/lib/libpic32.a(vector36.o)
                0x9fc01680                __vector_dispatch_36
                0x00000001                ASSERT (((_vector_spacing == 0x0) || (SIZEOF (.vector_36) <= (_vector_spacing << 0x5))), function at exception vector 36 too large)

.vector_37      0x9fc016a0        0x8
 *(.vector_37)
 .vector_37     0x9fc016a0        0x8 /Applications/microchip/xc32/v1.42/bin/bin/../../lib/gcc/pic32mx/4.8.3/../../../../pic32mx/lib/libpic32.a(vector37.o)
                0x9fc016a0                __vector_dispatch_37
                0x00000001                ASSERT (((_vector_spacing == 0x0) || (SIZEOF (.vector_37) <= (_vector_spacing << 0x5))), function at exception vector 37 too large)

.vector_38      0x9fc016c0        0x8
 *(.vector_38)
 .vector_38     0x9fc016c0        0x8 /Applications/microchip/xc32/v1.42/bin/bin/../../lib/gcc/pic32mx/4.8.3/../../../../pic32mx/lib/libpic32.a(vector38.o)
                0x9fc016c0                __vector_dispatch_38
                0x00000001                ASSERT (((_vector_spacing == 0x0) || (SIZEOF (.vector_38) <= (_vector_spacing << 0x5))), function at exception vector 38 too large)

.vector_39      0x9fc016e0        0x8
 *(.vector_39)
 .vector_39     0x9fc016e0        0x8 /Applications/microchip/xc32/v1.42/bin/bin/../../lib/gcc/pic32mx/4.8.3/../../../../pic32mx/lib/libpic32.a(vector39.o)
                0x9fc016e0                __vector_dispatch_39
                0x00000001                ASSERT (((_vector_spacing == 0x0) || (SIZEOF (.vector_39) <= (_vector_spacing << 0x5))), function at exception vector 39 too large)

.vector_40      0x9fc01700        0x8
 *(.vector_40)
 .vector_40     0x9fc01700        0x8 /Applications/microchip/xc32/v1.42/bin/bin/../../lib/gcc/pic32mx/4.8.3/../../../../pic32mx/lib/libpic32.a(vector40.o)
                0x9fc01700                __vector_dispatch_40
                0x00000001                ASSERT (((_vector_spacing == 0x0) || (SIZEOF (.vector_40) <= (_vector_spacing << 0x5))), function at exception vector 40 too large)

.vector_41      0x9fc01720        0x8
 *(.vector_41)
 .vector_41     0x9fc01720        0x8 /Applications/microchip/xc32/v1.42/bin/bin/../../lib/gcc/pic32mx/4.8.3/../../../../pic32mx/lib/libpic32.a(vector41.o)
                0x9fc01720                __vector_dispatch_41
                0x00000001                ASSERT (((_vector_spacing == 0x0) || (SIZEOF (.vector_41) <= (_vector_spacing << 0x5))), function at exception vector 41 too large)

.vector_42      0x9fc01740        0x8
 *(.vector_42)
 .vector_42     0x9fc01740        0x8 /Applications/microchip/xc32/v1.42/bin/bin/../../lib/gcc/pic32mx/4.8.3/../../../../pic32mx/lib/libpic32.a(vector42.o)
                0x9fc01740                __vector_dispatch_42
                0x00000001                ASSERT (((_vector_spacing == 0x0) || (SIZEOF (.vector_42) <= (_vector_spacing << 0x5))), function at exception vector 42 too large)

.vector_43      0x9fc01760        0x8
 *(.vector_43)
 .vector_43     0x9fc01760        0x8 /Applications/microchip/xc32/v1.42/bin/bin/../../lib/gcc/pic32mx/4.8.3/../../../../pic32mx/lib/libpic32.a(vector43.o)
                0x9fc01760                __vector_dispatch_43
                0x00000001                ASSERT (((_vector_spacing == 0x0) || (SIZEOF (.vector_43) <= (_vector_spacing << 0x5))), function at exception vector 43 too large)

.vector_44      0x9fc01780        0x8
 *(.vector_44)
 .vector_44     0x9fc01780        0x8 /Applications/microchip/xc32/v1.42/bin/bin/../../lib/gcc/pic32mx/4.8.3/../../../../pic32mx/lib/libpic32.a(vector44.o)
                0x9fc01780                __vector_dispatch_44
                0x00000001                ASSERT (((_vector_spacing == 0x0) || (SIZEOF (.vector_44) <= (_vector_spacing << 0x5))), function at exception vector 44 too large)

.vector_45      0x9fc017a0        0x8
 *(.vector_45)
 .vector_45     0x9fc017a0        0x8 /Applications/microchip/xc32/v1.42/bin/bin/../../lib/gcc/pic32mx/4.8.3/../../../../pic32mx/lib/libpic32.a(vector45.o)
                0x9fc017a0                __vector_dispatch_45
                0x00000001                ASSERT (((_vector_spacing == 0x0) || (SIZEOF (.vector_45) <= (_vector_spacing << 0x5))), function at exception vector 45 too large)

.vector_46      0x9fc017c0        0x8
 *(.vector_46)
 .vector_46     0x9fc017c0        0x8 /Applications/microchip/xc32/v1.42/bin/bin/../../lib/gcc/pic32mx/4.8.3/../../../../pic32mx/lib/libpic32.a(vector46.o)
                0x9fc017c0                __vector_dispatch_46
                0x00000001                ASSERT (((_vector_spacing == 0x0) || (SIZEOF (.vector_46) <= (_vector_spacing << 0x5))), function at exception vector 46 too large)

.vector_47      0x9fc017e0        0x8
 *(.vector_47)
 .vector_47     0x9fc017e0        0x8 /Applications/microchip/xc32/v1.42/bin/bin/../../lib/gcc/pic32mx/4.8.3/../../../../pic32mx/lib/libpic32.a(vector47.o)
                0x9fc017e0                __vector_dispatch_47
                0x00000001                ASSERT (((_vector_spacing == 0x0) || (SIZEOF (.vector_47) <= (_vector_spacing << 0x5))), function at exception vector 47 too large)

.vector_48      0x9fc01800        0x8
 *(.vector_48)
 .vector_48     0x9fc01800        0x8 /Applications/microchip/xc32/v1.42/bin/bin/../../lib/gcc/pic32mx/4.8.3/../../../../pic32mx/lib/libpic32.a(vector48.o)
                0x9fc01800                __vector_dispatch_48
                0x00000001                ASSERT (((_vector_spacing == 0x0) || (SIZEOF (.vector_48) <= (_vector_spacing << 0x5))), function at exception vector 48 too large)

.vector_49      0x9fc01820        0x8
 *(.vector_49)
 .vector_49     0x9fc01820        0x8 /Applications/microchip/xc32/v1.42/bin/bin/../../lib/gcc/pic32mx/4.8.3/../../../../pic32mx/lib/libpic32.a(vector49.o)
                0x9fc01820                __vector_dispatch_49
                0x00000001                ASSERT (((_vector_spacing == 0x0) || (SIZEOF (.vector_49) <= (_vector_spacing << 0x5))), function at exception vector 49 too large)

.vector_50      0x9fc01840        0x8
 *(.vector_50)
 .vector_50     0x9fc01840        0x8 /Applications/microchip/xc32/v1.42/bin/bin/../../lib/gcc/pic32mx/4.8.3/../../../../pic32mx/lib/libpic32.a(vector50.o)
                0x9fc01840                __vector_dispatch_50
                0x00000001                ASSERT (((_vector_spacing == 0x0) || (SIZEOF (.vector_50) <= (_vector_spacing << 0x5))), function at exception vector 50 too large)

.vector_51      0x9fc01860        0x8
 *(.vector_51)
 .vector_51     0x9fc01860        0x8 /Applications/microchip/xc32/v1.42/bin/bin/../../lib/gcc/pic32mx/4.8.3/../../../../pic32mx/lib/libpic32.a(vector51.o)
                0x9fc01860                __vector_dispatch_51
                0x00000001                ASSERT (((_vector_spacing == 0x0) || (SIZEOF (.vector_51) <= (_vector_spacing << 0x5))), function at exception vector 51 too large)

.vector_52      0x9fc01880        0x0
 *(.vector_52)
                0x00000001                ASSERT (((_vector_spacing == 0x0) || (SIZEOF (.vector_52) <= (_vector_spacing << 0x5))), function at exception vector 52 too large)

.vector_53      0x9fc018a0        0x0
 *(.vector_53)
                0x00000001                ASSERT (((_vector_spacing == 0x0) || (SIZEOF (.vector_53) <= (_vector_spacing << 0x5))), function at exception vector 53 too large)

.vector_54      0x9fc018c0        0x0
 *(.vector_54)
                0x00000001                ASSERT (((_vector_spacing == 0x0) || (SIZEOF (.vector_54) <= (_vector_spacing << 0x5))), function at exception vector 54 too large)

.vector_55      0x9fc018e0        0x0
 *(.vector_55)
                0x00000001                ASSERT (((_vector_spacing == 0x0) || (SIZEOF (.vector_55) <= (_vector_spacing << 0x5))), function at exception vector 55 too large)

.vector_56      0x9fc01900        0x0
 *(.vector_56)
                0x00000001                ASSERT (((_vector_spacing == 0x0) || (SIZEOF (.vector_56) <= (_vector_spacing << 0x5))), function at exception vector 56 too large)

.vector_57      0x9fc01920        0x0
 *(.vector_57)
                0x00000001                ASSERT (((_vector_spacing == 0x0) || (SIZEOF (.vector_57) <= (_vector_spacing << 0x5))), function at exception vector 57 too large)

.vector_58      0x9fc01940        0x0
 *(.vector_58)
                0x00000001                ASSERT (((_vector_spacing == 0x0) || (SIZEOF (.vector_58) <= (_vector_spacing << 0x5))), function at exception vector 58 too large)

.vector_59      0x9fc01960        0x0
 *(.vector_59)
                0x00000001                ASSERT (((_vector_spacing == 0x0) || (SIZEOF (.vector_59) <= (_vector_spacing << 0x5))), function at exception vector 59 too large)

.vector_60      0x9fc01980        0x0
 *(.vector_60)
                0x00000001                ASSERT (((_vector_spacing == 0x0) || (SIZEOF (.vector_60) <= (_vector_spacing << 0x5))), function at exception vector 60 too large)

.vector_61      0x9fc019a0        0x0
 *(.vector_61)
                0x00000001                ASSERT (((_vector_spacing == 0x0) || (SIZEOF (.vector_61) <= (_vector_spacing << 0x5))), function at exception vector 61 too large)

.vector_62      0x9fc019c0        0x0
 *(.vector_62)
                0x00000001                ASSERT (((_vector_spacing == 0x0) || (SIZEOF (.vector_62) <= (_vector_spacing << 0x5))), function at exception vector 62 too large)

.vector_63      0x9fc019e0        0x0
 *(.vector_63)
                0x00000001                ASSERT (((_vector_spacing == 0x0) || (SIZEOF (.vector_63) <= (_vector_spacing << 0x5))), function at exception vector 63 too large)

.startup
 *(.startup)

.text           0x9d000000        0x0
 *(.stub .gnu.linkonce.t.*)
 *(.text.*personality*)
 *(.mips16.fn.*)
 *(.mips16.call.*)
 *(.gnu.warning)
                0x9d000000                . = ALIGN (0x4)

.init           0x9d000000        0x0
 *crti.o(.init)
 *crtbegin.o(.init)
 *(EXCLUDE_FILE(*crtn.o *crtend?.o *crtend.o) .init)
 *crtend.o(.init)
 *crtn.o(.init)
                0x9d000000                . = ALIGN (0x4)

.fini           0x9d000000        0x0
 *(.fini)
                0x9d000000                . = ALIGN (0x4)

.preinit_array  0x9d000000        0x0
                0x9d000000                PROVIDE (__preinit_array_start, .)
 *(.preinit_array)
                0x9d000000                PROVIDE (__preinit_array_end, .)
                0x9d000000                . = ALIGN (0x4)

.init_array     0x9d000000        0x0
                0x9d000000                PROVIDE (__init_array_start, .)
 *(SORT(.init_array.*))
 *(.init_array)
                0x9d000000                PROVIDE (__init_array_end, .)
                0x9d000000                . = ALIGN (0x4)

.fini_array     0x9d000000        0x0
                0x9d000000                PROVIDE (__fini_array_start, .)
 *(SORT(.fini_array.*))
 *(.fini_array)
                0x9d000000                PROVIDE (__fini_array_end, .)
                0x9d000000                . = ALIGN (0x4)

.ctors          0x9d000000        0x0
 *crtbegin.o(.ctors)
 *crtbegin?.o(.ctors)
 *(EXCLUDE_FILE(*crtend?.o *crtend.o) .ctors)
 *(SORT(.ctors.*))
 *(.ctors)
                0x9d000000                . = ALIGN (0x4)

.dtors          0x9d000000        0x0
 *crtbegin.o(.dtors)
 *crtbegin?.o(.dtors)
 *(EXCLUDE_FILE(*crtend?.o *crtend.o) .dtors)
 *(SORT(.dtors.*))
 *(.dtors)
                0x9d000000                . = ALIGN (0x4)

.rodata         0x9d000000        0x0
 *(.gnu.linkonce.r.*)
 *(.rodata1)
                0x9d000000                . = ALIGN (0x4)

.sdata2         0x9fc00490        0x0
 *(.sdata2 .sdata2.* .gnu.linkonce.s2.*)
                0x9fc00490                . = ALIGN (0x4)

.sbss2          0x9fc00490        0x0
 *(.sbss2 .sbss2.* .gnu.linkonce.sb2.*)
                0x9fc00490                . = ALIGN (0x4)

.eh_frame_hdr
 *(.eh_frame_hdr)
                0x9fc00490                . = ALIGN (0x4)

.eh_frame
 *(.eh_frame)
                0x9fc00490                . = ALIGN (0x4)

.gcc_except_table
 *(.gcc_except_table .gcc_except_table.*)
                0x9fc00490                . = ALIGN (0x4)

.dbg_data       0xa0000000        0x0
                0xa0000000                . = (. + DEFINED (_DEBUGGER)?0x200:0x0)

.jcr            0xa0000000        0x0
 *(.jcr)
                0xa0000000                . = ALIGN (0x4)

.eh_frame
 *(.eh_frame)
                0xa0000000                . = ALIGN (0x4)

.gcc_except_table
 *(.gcc_except_table .gcc_except_table.*)
                0xa0000000                . = ALIGN (0x4)

.persist        0xa0000000        0x0
                0xa0000000                _persist_begin = .
 *(.persist .persist.*)
 *(.pbss .pbss.*)
                0xa0000000                . = ALIGN (0x4)
                0xa0000000                _persist_end = .

.data           0xa0000000        0x0
 *(.gnu.linkonce.d.*)
 *(.data1)
                0xa0000000                . = ALIGN (0x4)
                0xa0000000                . = .
                0xa0007ff0                _gp = (ALIGN (0x10) + 0x7ff0)

.got            0xa0000000        0x0
 *(.got.plt)
 *(.got)
                0xa0000000                . = ALIGN (0x4)

.sdata          0xa0000000        0x4
                0xa0000000                _sdata_begin = .
 *(.sdata .sdata.* .gnu.linkonce.s.*)
 .sdata         0xa0000000        0x4 build/default/production/_ext/12131622/port.o
                0xa0000000                uxInterruptNesting
                0xa0000004                . = ALIGN (0x4)
                0xa0000004                _sdata_end = .

.lit8
 *(.lit8)

.lit4
 *(.lit4)
                0xa0000004                . = ALIGN (0x4)
                0xa0000004                _data_end = .
                0xa0000004                _bss_begin = .

.sbss           0xa0000004       0x64
                0xa0000004                _sbss_begin = .
 *(.dynsbss)
 *(.sbss .sbss.* .gnu.linkonce.sb.*)
 .sbss          0xa0000004        0x2 build/default/production/_ext/260586732/drv_usart_buffer_queue.o
 *fill*         0xa0000006        0x2 
 .sbss          0xa0000008        0x8 build/default/production/_ext/1856876499/heap_1.o
 .sbss          0xa0000010        0x4 build/default/production/_ext/12131622/port.o
                0xa0000010                uxSavedTaskStackPointer
 .sbss          0xa0000014       0x38 build/default/production/_ext/1128951024/tasks.o
                0xa0000048                pxCurrentTCB
 .sbss          0xa000004c        0xc build/default/production/_ext/1688732426/system_exceptions.o
 *(.scommon)
 .scommon       0xa0000058        0x8 build/default/production/_ext/1271179505/sys_devcon.o
                0xa0000058                sysDevconObj
 .scommon       0xa0000060        0x8 build/default/production/_ext/1688732426/system_init.o
                0xa0000060                sysObj
                0xa0000068                _sbss_end = .
                0xa0000068                . = ALIGN (0x4)

.bss            0xa0000068      0x414
 *(.dynbss)
 *(COMMON)
 COMMON         0xa0000068       0x3c build/default/production/_ext/1360937237/app.o
                0xa0000068                appData
 COMMON         0xa00000a4       0xb8 build/default/production/_ext/260586732/drv_usart.o
                0xa00000a4                gDrvUSARTCommonDataObj
                0xa00000b0                gDrvUSARTClientObj
                0xa00000fc                gDrvUSARTObj
 COMMON         0xa000015c      0x320 build/default/production/_ext/260586732/drv_usart_buffer_queue.o
                0xa000015c                gDrvUSARTBufferObj
                0xa000047c                . = ALIGN ((. != 0x0)?0x4:0x1)
                0xa000047c                . = ALIGN (0x4)
                0xa000047c                _end = .
                0xa000047c                _bss_end = .
                0x00020000                _bmxdudba_address = 0x20000
                0x00020000                _bmxdupba_address = 0x20000

/DISCARD/
 *(.pdr)
 *(.rel.dyn)
 *(.note.GNU-stack)
 *(.note.GNU-stack)
 *(.gnu_debuglink)
 *(.gnu.lto_*)
 *(.discard)

.gptab.sdata
 *(.gptab.data)
 *(.gptab.sdata)

.gptab.sbss
 *(.gptab.bss)
 *(.gptab.sbss)

.mdebug.abi32   0xa000047c        0x0
 *(.mdebug.abi32)
 .mdebug.abi32  0xa000047c        0x0 build/default/production/_ext/1360937237/app.o
 .mdebug.abi32  0xa000047c        0x0 build/default/production/_ext/1360937237/debug.o
 .mdebug.abi32  0xa000047c        0x0 build/default/production/_ext/1360937237/main.o
 .mdebug.abi32  0xa000047c        0x0 build/default/production/_ext/1360937237/message.o
 .mdebug.abi32  0xa000047c        0x0 build/default/production/_ext/260586732/drv_usart.o
 .mdebug.abi32  0xa000047c        0x0 build/default/production/_ext/260586732/drv_usart_buffer_queue.o
 .mdebug.abi32  0xa000047c        0x0 build/default/production/_ext/24337685/osal_freertos.o
 .mdebug.abi32  0xa000047c        0x0 build/default/production/_ext/1271179505/sys_devcon.o
 .mdebug.abi32  0xa000047c        0x0 build/default/production/_ext/1271179505/sys_devcon_pic32mx.o
 .mdebug.abi32  0xa000047c        0x0 build/default/production/_ext/122796885/sys_int_pic32.o
 .mdebug.abi32  0xa000047c        0x0 build/default/production/_ext/1856876499/heap_1.o
 .mdebug.abi32  0xa000047c        0x0 build/default/production/_ext/12131622/port.o
 .mdebug.abi32  0xa000047c        0x0 build/default/production/_ext/1128951024/croutine.o
 .mdebug.abi32  0xa000047c        0x0 build/default/production/_ext/1128951024/list.o
 .mdebug.abi32  0xa000047c        0x0 build/default/production/_ext/1128951024/queue.o
 .mdebug.abi32  0xa000047c        0x0 build/default/production/_ext/1128951024/tasks.o
 .mdebug.abi32  0xa000047c        0x0 build/default/production/_ext/1128951024/timers.o
 .mdebug.abi32  0xa000047c        0x0 build/default/production/_ext/1128951024/event_groups.o
 .mdebug.abi32  0xa000047c        0x0 build/default/production/_ext/639803181/sys_clk_static.o
 .mdebug.abi32  0xa000047c        0x0 build/default/production/_ext/822048611/sys_ports_static.o
 .mdebug.abi32  0xa000047c        0x0 build/default/production/_ext/1688732426/rtos_hooks.o
 .mdebug.abi32  0xa000047c        0x0 build/default/production/_ext/1688732426/system_exceptions.o
 .mdebug.abi32  0xa000047c        0x0 build/default/production/_ext/1688732426/system_init.o
 .mdebug.abi32  0xa000047c        0x0 build/default/production/_ext/1688732426/system_interrupt.o
 .mdebug.abi32  0xa000047c        0x0 build/default/production/_ext/1688732426/system_tasks.o
 .mdebug.abi32  0xa000047c        0x0 /Applications/microchip/xc32/v1.42/bin/bin/../../lib/gcc/pic32mx/4.8.3/libgcc.a(_umoddi3.o)
 .mdebug.abi32  0xa000047c        0x0 /Applications/microchip/xc32/v1.42/bin/bin/../../lib/gcc/pic32mx/4.8.3/../../../../pic32mx/lib/libpic32.a(default-bootstrap-exception-handler.o)
 .mdebug.abi32  0xa000047c        0x0 /Applications/microchip/xc32/v1.42/bin/bin/../../lib/gcc/pic32mx/4.8.3/../../../../pic32mx/lib/libpic32.a(default-on-reset.o)
 .mdebug.abi32  0xa000047c        0x0 /Applications/microchip/xc32/v1.42/bin/bin/../../lib/gcc/pic32mx/4.8.3/../../../../pic32mx/lib/libpic32.a(default-on-bootstrap.o)
 .mdebug.abi32  0xa000047c        0x0 /Applications/microchip/xc32/v1.42/bin/bin/../../lib/gcc/pic32mx/4.8.3/../../../../pic32mx/lib/libpic32.a(defaultinterrupt.o)

.mdebug.abiN32
 *(.mdebug.abiN32)

.mdebug.abi64
 *(.mdebug.abi64)

.mdebug.abiO64
 *(.mdebug.abiO64)

.mdebug.eabi32
 *(.mdebug.eabi32)

.mdebug.eabi64
 *(.mdebug.eabi64)

.gcc_compiled_long32
 *(.gcc_compiled_long32)

.gcc_compiled_long64
 *(.gcc_compiled_long64)

.stab
 *(.stab)

.stabstr
 *(.stabstr)

.stab.excl
 *(.stab.excl)

.stab.exclstr
 *(.stab.exclstr)

.stab.index
 *(.stab.index)

.stab.indexstr
 *(.stab.indexstr)

.comment        0x00000000       0x54
 *(.comment)
 .comment       0x00000000       0x3c build/default/production/_ext/1360937237/app.o
                                 0x3d (size before relaxing)
 .comment       0x00000000       0x3d build/default/production/_ext/1360937237/debug.o
 .comment       0x00000000       0x3d build/default/production/_ext/1360937237/main.o
 .comment       0x00000000       0x3d build/default/production/_ext/1360937237/message.o
 .comment       0x00000000       0x3d build/default/production/_ext/260586732/drv_usart.o
 .comment       0x00000000       0x3d build/default/production/_ext/260586732/drv_usart_buffer_queue.o
 .comment       0x00000000       0x3d build/default/production/_ext/24337685/osal_freertos.o
 .comment       0x00000000       0x3d build/default/production/_ext/1271179505/sys_devcon.o
 .comment       0x00000000       0x3d build/default/production/_ext/1271179505/sys_devcon_pic32mx.o
 .comment       0x00000000       0x3d build/default/production/_ext/122796885/sys_int_pic32.o
 .comment       0x00000000       0x3d build/default/production/_ext/1856876499/heap_1.o
 .comment       0x00000000       0x3d build/default/production/_ext/12131622/port.o
 .comment       0x00000000       0x3d build/default/production/_ext/1128951024/croutine.o
 .comment       0x00000000       0x3d build/default/production/_ext/1128951024/list.o
 .comment       0x00000000       0x3d build/default/production/_ext/1128951024/queue.o
 .comment       0x00000000       0x3d build/default/production/_ext/1128951024/tasks.o
 .comment       0x00000000       0x3d build/default/production/_ext/1128951024/timers.o
 .comment       0x00000000       0x3d build/default/production/_ext/1128951024/event_groups.o
 .comment       0x00000000       0x3d build/default/production/_ext/639803181/sys_clk_static.o
 .comment       0x00000000       0x3d build/default/production/_ext/822048611/sys_ports_static.o
 .comment       0x00000000       0x3d build/default/production/_ext/1688732426/rtos_hooks.o
 .comment       0x00000000       0x3d build/default/production/_ext/1688732426/system_exceptions.o
 .comment       0x00000000       0x3d build/default/production/_ext/1688732426/system_init.o
 .comment       0x00000000       0x3d build/default/production/_ext/1688732426/system_interrupt.o
 .comment       0x00000000       0x3d build/default/production/_ext/1688732426/system_tasks.o
 .comment       0x00000000       0x3d /Applications/microchip/xc32/v1.42/bin/bin/../../lib/gcc/pic32mx/4.8.3/libgcc.a(_umoddi3.o)
 .comment       0x0000003c       0x18 /Applications/microchip/xc32/v1.42/bin/bin/../../lib/gcc/pic32mx/4.8.3/../../../../pic32mx/lib/libpic32.a(memset.o)
                                 0x19 (size before relaxing)
 .comment       0x00000000       0x3d /Applications/microchip/xc32/v1.42/bin/bin/../../lib/gcc/pic32mx/4.8.3/../../../../pic32mx/lib/libpic32.a(default-bootstrap-exception-handler.o)
 .comment       0x00000000       0x3d /Applications/microchip/xc32/v1.42/bin/bin/../../lib/gcc/pic32mx/4.8.3/../../../../pic32mx/lib/libpic32.a(default-on-reset.o)
 .comment       0x00000000       0x3d /Applications/microchip/xc32/v1.42/bin/bin/../../lib/gcc/pic32mx/4.8.3/../../../../pic32mx/lib/libpic32.a(default-on-bootstrap.o)
 .comment       0x00000000       0x3d /Applications/microchip/xc32/v1.42/bin/bin/../../lib/gcc/pic32mx/4.8.3/../../../../pic32mx/lib/libpic32.a(defaultinterrupt.o)

.debug
 *(.debug)

.line
 *(.line)

.debug_srcinfo
 *(.debug_srcinfo)

.debug_sfnames
 *(.debug_sfnames)

.debug_aranges  0x00000000      0x9d8
 *(.debug_aranges)
 .debug_aranges
                0x00000000       0x28 build/default/production/_ext/1688732426/system_interrupt_a.o
 .debug_aranges
                0x00000028       0x30 build/default/production/_ext/1360937237/app.o
 .debug_aranges
                0x00000058       0x30 build/default/production/_ext/1360937237/debug.o
 .debug_aranges
                0x00000088       0x20 build/default/production/_ext/1360937237/main.o
 .debug_aranges
                0x000000a8       0x60 build/default/production/_ext/1360937237/message.o
 .debug_aranges
                0x00000108       0xd8 build/default/production/_ext/260586732/drv_usart.o
 .debug_aranges
                0x000001e0       0x40 build/default/production/_ext/260586732/drv_usart_buffer_queue.o
 .debug_aranges
                0x00000220       0x88 build/default/production/_ext/24337685/osal_freertos.o
 .debug_aranges
                0x000002a8       0x78 build/default/production/_ext/1271179505/sys_devcon.o
 .debug_aranges
                0x00000320       0x20 build/default/production/_ext/1271179505/sys_devcon_pic32mx.o
 .debug_aranges
                0x00000340       0x48 build/default/production/_ext/122796885/sys_int_pic32.o
 .debug_aranges
                0x00000388       0x38 build/default/production/_ext/1856876499/heap_1.o
 .debug_aranges
                0x000003c0       0x58 build/default/production/_ext/12131622/port.o
 .debug_aranges
                0x00000418       0x20 build/default/production/_ext/12131622/port_asm.o
 .debug_aranges
                0x00000438       0x18 build/default/production/_ext/1128951024/croutine.o
 .debug_aranges
                0x00000450       0x40 build/default/production/_ext/1128951024/list.o
 .debug_aranges
                0x00000490       0xb0 build/default/production/_ext/1128951024/queue.o
 .debug_aranges
                0x00000540      0x170 build/default/production/_ext/1128951024/tasks.o
 .debug_aranges
                0x000006b0       0x18 build/default/production/_ext/1128951024/timers.o
 .debug_aranges
                0x000006c8       0x60 build/default/production/_ext/1128951024/event_groups.o
 .debug_aranges
                0x00000728       0x50 build/default/production/_ext/639803181/sys_clk_static.o
 .debug_aranges
                0x00000778      0x108 build/default/production/_ext/822048611/sys_ports_static.o
 .debug_aranges
                0x00000880       0x28 build/default/production/_ext/1688732426/rtos_hooks.o
 .debug_aranges
                0x000008a8       0x20 build/default/production/_ext/1688732426/system_exceptions.o
 .debug_aranges
                0x000008c8       0x20 build/default/production/_ext/1688732426/system_init.o
 .debug_aranges
                0x000008e8       0x20 build/default/production/_ext/1688732426/system_interrupt.o
 .debug_aranges
                0x00000908       0x30 build/default/production/_ext/1688732426/system_tasks.o
 .debug_aranges
                0x00000938       0x20 /Applications/microchip/xc32/v1.42/bin/bin/../../lib/gcc/pic32mx/4.8.3/libgcc.a(_umoddi3.o)
 .debug_aranges
                0x00000958       0x20 /Applications/microchip/xc32/v1.42/bin/bin/../../lib/gcc/pic32mx/4.8.3/../../../../pic32mx/lib/libpic32.a(default-bootstrap-exception-handler.o)
 .debug_aranges
                0x00000978       0x20 /Applications/microchip/xc32/v1.42/bin/bin/../../lib/gcc/pic32mx/4.8.3/../../../../pic32mx/lib/libpic32.a(default-on-reset.o)
 .debug_aranges
                0x00000998       0x20 /Applications/microchip/xc32/v1.42/bin/bin/../../lib/gcc/pic32mx/4.8.3/../../../../pic32mx/lib/libpic32.a(default-on-bootstrap.o)
 .debug_aranges
                0x000009b8       0x20 /Applications/microchip/xc32/v1.42/bin/bin/../../lib/gcc/pic32mx/4.8.3/../../../../pic32mx/lib/libpic32.a(defaultinterrupt.o)

.debug_pubnames
 *(.debug_pubnames)

.debug_info     0x00000000    0x2214b
 *(.debug_info .gnu.linkonce.wi.*)
 .debug_info    0x00000000       0x9d build/default/production/_ext/1688732426/system_interrupt_a.o
 .debug_info    0x0000009d     0x19fb build/default/production/_ext/1360937237/app.o
 .debug_info    0x00001a98     0x113a build/default/production/_ext/1360937237/debug.o
 .debug_info    0x00002bd2      0x1ab build/default/production/_ext/1360937237/main.o
 .debug_info    0x00002d7d      0x68d build/default/production/_ext/1360937237/message.o
 .debug_info    0x0000340a     0x7441 build/default/production/_ext/260586732/drv_usart.o
 .debug_info    0x0000a84b     0x2d60 build/default/production/_ext/260586732/drv_usart_buffer_queue.o
 .debug_info    0x0000d5ab      0xa8f build/default/production/_ext/24337685/osal_freertos.o
 .debug_info    0x0000e03a     0x114f build/default/production/_ext/1271179505/sys_devcon.o
 .debug_info    0x0000f189      0xd40 build/default/production/_ext/1271179505/sys_devcon_pic32mx.o
 .debug_info    0x0000fec9     0x15a7 build/default/production/_ext/122796885/sys_int_pic32.o
 .debug_info    0x00011470      0x374 build/default/production/_ext/1856876499/heap_1.o
 .debug_info    0x000117e4     0x119f build/default/production/_ext/12131622/port.o
 .debug_info    0x00012983       0xbe build/default/production/_ext/12131622/port_asm.o
 .debug_info    0x00012a41      0x170 build/default/production/_ext/1128951024/croutine.o
 .debug_info    0x00012bb1      0x460 build/default/production/_ext/1128951024/list.o
 .debug_info    0x00013011     0x1730 build/default/production/_ext/1128951024/queue.o
 .debug_info    0x00014741     0x28cb build/default/production/_ext/1128951024/tasks.o
 .debug_info    0x0001700c      0x16e build/default/production/_ext/1128951024/timers.o
 .debug_info    0x0001717a      0xd42 build/default/production/_ext/1128951024/event_groups.o
 .debug_info    0x00017ebc     0x14c6 build/default/production/_ext/639803181/sys_clk_static.o
 .debug_info    0x00019382     0x3ad6 build/default/production/_ext/822048611/sys_ports_static.o
 .debug_info    0x0001ce58      0x253 build/default/production/_ext/1688732426/rtos_hooks.o
 .debug_info    0x0001d0ab      0xa03 build/default/production/_ext/1688732426/system_exceptions.o
 .debug_info    0x0001daae     0x27ab build/default/production/_ext/1688732426/system_init.o
 .debug_info    0x00020259      0x8cc build/default/production/_ext/1688732426/system_interrupt.o
 .debug_info    0x00020b25      0xaf2 build/default/production/_ext/1688732426/system_tasks.o
 .debug_info    0x00021617      0x7b0 /Applications/microchip/xc32/v1.42/bin/bin/../../lib/gcc/pic32mx/4.8.3/libgcc.a(_umoddi3.o)
 .debug_info    0x00021dc7       0xf5 /Applications/microchip/xc32/v1.42/bin/bin/../../lib/gcc/pic32mx/4.8.3/../../../../pic32mx/lib/libpic32.a(default-bootstrap-exception-handler.o)
 .debug_info    0x00021ebc       0xcf /Applications/microchip/xc32/v1.42/bin/bin/../../lib/gcc/pic32mx/4.8.3/../../../../pic32mx/lib/libpic32.a(default-on-reset.o)
 .debug_info    0x00021f8b       0xd7 /Applications/microchip/xc32/v1.42/bin/bin/../../lib/gcc/pic32mx/4.8.3/../../../../pic32mx/lib/libpic32.a(default-on-bootstrap.o)
 .debug_info    0x00022062       0xe9 /Applications/microchip/xc32/v1.42/bin/bin/../../lib/gcc/pic32mx/4.8.3/../../../../pic32mx/lib/libpic32.a(defaultinterrupt.o)

.debug_abbrev   0x00000000     0x2ff1
 *(.debug_abbrev)
 .debug_abbrev  0x00000000       0x12 build/default/production/_ext/1688732426/system_interrupt_a.o
 .debug_abbrev  0x00000012      0x286 build/default/production/_ext/1360937237/app.o
 .debug_abbrev  0x00000298      0x192 build/default/production/_ext/1360937237/debug.o
 .debug_abbrev  0x0000042a       0x93 build/default/production/_ext/1360937237/main.o
 .debug_abbrev  0x000004bd      0x146 build/default/production/_ext/1360937237/message.o
 .debug_abbrev  0x00000603      0x43b build/default/production/_ext/260586732/drv_usart.o
 .debug_abbrev  0x00000a3e      0x39f build/default/production/_ext/260586732/drv_usart_buffer_queue.o
 .debug_abbrev  0x00000ddd      0x1fe build/default/production/_ext/24337685/osal_freertos.o
 .debug_abbrev  0x00000fdb      0x26d build/default/production/_ext/1271179505/sys_devcon.o
 .debug_abbrev  0x00001248      0x16d build/default/production/_ext/1271179505/sys_devcon_pic32mx.o
 .debug_abbrev  0x000013b5      0x1d0 build/default/production/_ext/122796885/sys_int_pic32.o
 .debug_abbrev  0x00001585      0x13f build/default/production/_ext/1856876499/heap_1.o
 .debug_abbrev  0x000016c4      0x2cf build/default/production/_ext/12131622/port.o
 .debug_abbrev  0x00001993       0x14 build/default/production/_ext/12131622/port_asm.o
 .debug_abbrev  0x000019a7       0x1b build/default/production/_ext/1128951024/croutine.o
 .debug_abbrev  0x000019c2       0xf1 build/default/production/_ext/1128951024/list.o
 .debug_abbrev  0x00001ab3      0x2c4 build/default/production/_ext/1128951024/queue.o
 .debug_abbrev  0x00001d77      0x35a build/default/production/_ext/1128951024/tasks.o
 .debug_abbrev  0x000020d1       0x1b build/default/production/_ext/1128951024/timers.o
 .debug_abbrev  0x000020ec      0x29a build/default/production/_ext/1128951024/event_groups.o
 .debug_abbrev  0x00002386      0x26a build/default/production/_ext/639803181/sys_clk_static.o
 .debug_abbrev  0x000025f0      0x222 build/default/production/_ext/822048611/sys_ports_static.o
 .debug_abbrev  0x00002812       0x97 build/default/production/_ext/1688732426/rtos_hooks.o
 .debug_abbrev  0x000028a9       0x98 build/default/production/_ext/1688732426/system_exceptions.o
 .debug_abbrev  0x00002941      0x2bd build/default/production/_ext/1688732426/system_init.o
 .debug_abbrev  0x00002bfe       0xc3 build/default/production/_ext/1688732426/system_interrupt.o
 .debug_abbrev  0x00002cc1      0x149 build/default/production/_ext/1688732426/system_tasks.o
 .debug_abbrev  0x00002e0a      0x147 /Applications/microchip/xc32/v1.42/bin/bin/../../lib/gcc/pic32mx/4.8.3/libgcc.a(_umoddi3.o)
 .debug_abbrev  0x00002f51       0x28 /Applications/microchip/xc32/v1.42/bin/bin/../../lib/gcc/pic32mx/4.8.3/../../../../pic32mx/lib/libpic32.a(default-bootstrap-exception-handler.o)
 .debug_abbrev  0x00002f79       0x28 /Applications/microchip/xc32/v1.42/bin/bin/../../lib/gcc/pic32mx/4.8.3/../../../../pic32mx/lib/libpic32.a(default-on-reset.o)
 .debug_abbrev  0x00002fa1       0x28 /Applications/microchip/xc32/v1.42/bin/bin/../../lib/gcc/pic32mx/4.8.3/../../../../pic32mx/lib/libpic32.a(default-on-bootstrap.o)
 .debug_abbrev  0x00002fc9       0x28 /Applications/microchip/xc32/v1.42/bin/bin/../../lib/gcc/pic32mx/4.8.3/../../../../pic32mx/lib/libpic32.a(defaultinterrupt.o)

.debug_line     0x00000000     0x727f
 *(.debug_line)
 .debug_line    0x00000000       0x7c build/default/production/_ext/1688732426/system_interrupt_a.o
 .debug_line    0x0000007c      0x5a3 build/default/production/_ext/1360937237/app.o
 .debug_line    0x0000061f      0x2ef build/default/production/_ext/1360937237/debug.o
 .debug_line    0x0000090e       0xcd build/default/production/_ext/1360937237/main.o
 .debug_line    0x000009db      0x19d build/default/production/_ext/1360937237/message.o
 .debug_line    0x00000b78     0x15b2 build/default/production/_ext/260586732/drv_usart.o
 .debug_line    0x0000212a      0x917 build/default/production/_ext/260586732/drv_usart_buffer_queue.o
 .debug_line    0x00002a41      0x2e6 build/default/production/_ext/24337685/osal_freertos.o
 .debug_line    0x00002d27      0x667 build/default/production/_ext/1271179505/sys_devcon.o
 .debug_line    0x0000338e      0x503 build/default/production/_ext/1271179505/sys_devcon_pic32mx.o
 .debug_line    0x00003891      0x3e2 build/default/production/_ext/122796885/sys_int_pic32.o
 .debug_line    0x00003c73      0x23f build/default/production/_ext/1856876499/heap_1.o
 .debug_line    0x00003eb2      0x254 build/default/production/_ext/12131622/port.o
 .debug_line    0x00004106      0x102 build/default/production/_ext/12131622/port_asm.o
 .debug_line    0x00004208       0x1d build/default/production/_ext/1128951024/croutine.o
 .debug_line    0x00004225      0x207 build/default/production/_ext/1128951024/list.o
 .debug_line    0x0000442c      0x4af build/default/production/_ext/1128951024/queue.o
 .debug_line    0x000048db      0x7f8 build/default/production/_ext/1128951024/tasks.o
 .debug_line    0x000050d3       0x1d build/default/production/_ext/1128951024/timers.o
 .debug_line    0x000050f0      0x34a build/default/production/_ext/1128951024/event_groups.o
 .debug_line    0x0000543a      0x467 build/default/production/_ext/639803181/sys_clk_static.o
 .debug_line    0x000058a1      0x7d1 build/default/production/_ext/822048611/sys_ports_static.o
 .debug_line    0x00006072      0x156 build/default/production/_ext/1688732426/rtos_hooks.o
 .debug_line    0x000061c8      0x1a7 build/default/production/_ext/1688732426/system_exceptions.o
 .debug_line    0x0000636f      0x63b build/default/production/_ext/1688732426/system_init.o
 .debug_line    0x000069aa      0x1fc build/default/production/_ext/1688732426/system_interrupt.o
 .debug_line    0x00006ba6      0x347 build/default/production/_ext/1688732426/system_tasks.o
 .debug_line    0x00006eed      0x111 /Applications/microchip/xc32/v1.42/bin/bin/../../lib/gcc/pic32mx/4.8.3/libgcc.a(_umoddi3.o)
 .debug_line    0x00006ffe       0xa9 /Applications/microchip/xc32/v1.42/bin/bin/../../lib/gcc/pic32mx/4.8.3/../../../../pic32mx/lib/libpic32.a(default-bootstrap-exception-handler.o)
 .debug_line    0x000070a7       0x96 /Applications/microchip/xc32/v1.42/bin/bin/../../lib/gcc/pic32mx/4.8.3/../../../../pic32mx/lib/libpic32.a(default-on-reset.o)
 .debug_line    0x0000713d       0x9a /Applications/microchip/xc32/v1.42/bin/bin/../../lib/gcc/pic32mx/4.8.3/../../../../pic32mx/lib/libpic32.a(default-on-bootstrap.o)
 .debug_line    0x000071d7       0xa8 /Applications/microchip/xc32/v1.42/bin/bin/../../lib/gcc/pic32mx/4.8.3/../../../../pic32mx/lib/libpic32.a(defaultinterrupt.o)

.debug_frame    0x00000000     0x14e0
 *(.debug_frame)
 .debug_frame   0x00000000       0x50 build/default/production/_ext/1360937237/app.o
 .debug_frame   0x00000050       0x68 build/default/production/_ext/1360937237/debug.o
 .debug_frame   0x000000b8       0x28 build/default/production/_ext/1360937237/main.o
 .debug_frame   0x000000e0       0xec build/default/production/_ext/1360937237/message.o
 .debug_frame   0x000001cc      0x26c build/default/production/_ext/260586732/drv_usart.o
 .debug_frame   0x00000438       0x90 build/default/production/_ext/260586732/drv_usart_buffer_queue.o
 .debug_frame   0x000004c8      0x150 build/default/production/_ext/24337685/osal_freertos.o
 .debug_frame   0x00000618       0xe8 build/default/production/_ext/1271179505/sys_devcon.o
 .debug_frame   0x00000700       0x28 build/default/production/_ext/1271179505/sys_devcon_pic32mx.o
 .debug_frame   0x00000728       0x90 build/default/production/_ext/122796885/sys_int_pic32.o
 .debug_frame   0x000007b8       0x5c build/default/production/_ext/1856876499/heap_1.o
 .debug_frame   0x00000814       0xc0 build/default/production/_ext/12131622/port.o
 .debug_frame   0x000008d4       0x60 build/default/production/_ext/1128951024/list.o
 .debug_frame   0x00000934      0x214 build/default/production/_ext/1128951024/queue.o
 .debug_frame   0x00000b48      0x444 build/default/production/_ext/1128951024/tasks.o
 .debug_frame   0x00000f8c      0x108 build/default/production/_ext/1128951024/event_groups.o
 .debug_frame   0x00001094       0xa0 build/default/production/_ext/639803181/sys_clk_static.o
 .debug_frame   0x00001134      0x1f0 build/default/production/_ext/822048611/sys_ports_static.o
 .debug_frame   0x00001324       0x40 build/default/production/_ext/1688732426/rtos_hooks.o
 .debug_frame   0x00001364       0x28 build/default/production/_ext/1688732426/system_exceptions.o
 .debug_frame   0x0000138c       0x28 build/default/production/_ext/1688732426/system_init.o
 .debug_frame   0x000013b4       0x28 build/default/production/_ext/1688732426/system_interrupt.o
 .debug_frame   0x000013dc       0x58 build/default/production/_ext/1688732426/system_tasks.o
 .debug_frame   0x00001434       0x20 /Applications/microchip/xc32/v1.42/bin/bin/../../lib/gcc/pic32mx/4.8.3/libgcc.a(_umoddi3.o)
 .debug_frame   0x00001454       0x2c /Applications/microchip/xc32/v1.42/bin/bin/../../lib/gcc/pic32mx/4.8.3/../../../../pic32mx/lib/libpic32.a(default-bootstrap-exception-handler.o)
 .debug_frame   0x00001480       0x20 /Applications/microchip/xc32/v1.42/bin/bin/../../lib/gcc/pic32mx/4.8.3/../../../../pic32mx/lib/libpic32.a(default-on-reset.o)
 .debug_frame   0x000014a0       0x20 /Applications/microchip/xc32/v1.42/bin/bin/../../lib/gcc/pic32mx/4.8.3/../../../../pic32mx/lib/libpic32.a(default-on-bootstrap.o)
 .debug_frame   0x000014c0       0x20 /Applications/microchip/xc32/v1.42/bin/bin/../../lib/gcc/pic32mx/4.8.3/../../../../pic32mx/lib/libpic32.a(defaultinterrupt.o)

.debug_str      0x00000000      0x7de
 *(.debug_str)
 .debug_str     0x00000000       0x26 build/default/production/_ext/1360937237/app.o
 .debug_str     0x00000026       0x14 build/default/production/_ext/1360937237/debug.o
 .debug_str     0x0000003a        0x0 build/default/production/_ext/1360937237/main.o
 .debug_str     0x0000003a       0x5e build/default/production/_ext/1360937237/message.o
 .debug_str     0x00000098      0x195 build/default/production/_ext/260586732/drv_usart.o
 .debug_str     0x0000022d       0x74 build/default/production/_ext/260586732/drv_usart_buffer_queue.o
 .debug_str     0x000002a1       0x40 build/default/production/_ext/24337685/osal_freertos.o
 .debug_str     0x000002e1       0x16 build/default/production/_ext/1271179505/sys_devcon.o
 .debug_str     0x000002f7        0x6 build/default/production/_ext/1271179505/sys_devcon_pic32mx.o
 .debug_str     0x000002fd       0x2d build/default/production/_ext/122796885/sys_int_pic32.o
 .debug_str     0x0000032a       0x1d build/default/production/_ext/1856876499/heap_1.o
 .debug_str     0x00000347       0x37 build/default/production/_ext/12131622/port.o
 .debug_str     0x0000037e        0x0 build/default/production/_ext/1128951024/croutine.o
 .debug_str     0x0000037e       0x2b build/default/production/_ext/1128951024/list.o
 .debug_str     0x000003a9       0xf1 build/default/production/_ext/1128951024/queue.o
 .debug_str     0x0000049a      0x191 build/default/production/_ext/1128951024/tasks.o
 .debug_str     0x0000062b        0x0 build/default/production/_ext/1128951024/timers.o
 .debug_str     0x0000062b       0xe6 build/default/production/_ext/1128951024/event_groups.o
 .debug_str     0x00000711       0x39 build/default/production/_ext/639803181/sys_clk_static.o
 .debug_str     0x0000074a       0x55 build/default/production/_ext/822048611/sys_ports_static.o
 .debug_str     0x0000079f        0x9 build/default/production/_ext/1688732426/rtos_hooks.o
 .debug_str     0x000007a8        0x0 build/default/production/_ext/1688732426/system_exceptions.o
 .debug_str     0x000007a8       0x36 build/default/production/_ext/1688732426/system_init.o
 .debug_str     0x000007de        0x0 build/default/production/_ext/1688732426/system_interrupt.o
 .debug_str     0x000007de        0x0 build/default/production/_ext/1688732426/system_tasks.o
 .debug_str     0x000007de        0x0 /Applications/microchip/xc32/v1.42/bin/bin/../../lib/gcc/pic32mx/4.8.3/libgcc.a(_umoddi3.o)
 .debug_str     0x000007de        0x0 /Applications/microchip/xc32/v1.42/bin/bin/../../lib/gcc/pic32mx/4.8.3/../../../../pic32mx/lib/libpic32.a(default-bootstrap-exception-handler.o)
 .debug_str     0x000007de        0x0 /Applications/microchip/xc32/v1.42/bin/bin/../../lib/gcc/pic32mx/4.8.3/../../../../pic32mx/lib/libpic32.a(default-on-reset.o)
 .debug_str     0x000007de        0x0 /Applications/microchip/xc32/v1.42/bin/bin/../../lib/gcc/pic32mx/4.8.3/../../../../pic32mx/lib/libpic32.a(default-on-bootstrap.o)
 .debug_str     0x000007de        0x0 /Applications/microchip/xc32/v1.42/bin/bin/../../lib/gcc/pic32mx/4.8.3/../../../../pic32mx/lib/libpic32.a(defaultinterrupt.o)

.debug_loc      0x00000000     0xbdd8
 *(.debug_loc)
 .debug_loc     0x00000000       0x4b build/default/production/_ext/1360937237/app.o
 .debug_loc     0x0000004b      0x3f6 build/default/production/_ext/1360937237/debug.o
 .debug_loc     0x00000441      0xbe5 build/default/production/_ext/1360937237/message.o
 .debug_loc     0x00001026     0x5555 build/default/production/_ext/260586732/drv_usart.o
 .debug_loc     0x0000657b      0xc33 build/default/production/_ext/260586732/drv_usart_buffer_queue.o
 .debug_loc     0x000071ae      0x40c build/default/production/_ext/24337685/osal_freertos.o
 .debug_loc     0x000075ba       0xf0 build/default/production/_ext/1271179505/sys_devcon.o
 .debug_loc     0x000076aa       0xec build/default/production/_ext/1271179505/sys_devcon_pic32mx.o
 .debug_loc     0x00007796       0x8d build/default/production/_ext/122796885/sys_int_pic32.o
 .debug_loc     0x00007823       0x49 build/default/production/_ext/1856876499/heap_1.o
 .debug_loc     0x0000786c       0xea build/default/production/_ext/12131622/port.o
 .debug_loc     0x00007956       0x31 build/default/production/_ext/1128951024/list.o
 .debug_loc     0x00007987      0xc93 build/default/production/_ext/1128951024/queue.o
 .debug_loc     0x0000861a     0x152a build/default/production/_ext/1128951024/tasks.o
 .debug_loc     0x00009b44      0x8ea build/default/production/_ext/1128951024/event_groups.o
 .debug_loc     0x0000a42e       0x49 build/default/production/_ext/639803181/sys_clk_static.o
 .debug_loc     0x0000a477      0xecf build/default/production/_ext/822048611/sys_ports_static.o
 .debug_loc     0x0000b346       0x34 build/default/production/_ext/1688732426/rtos_hooks.o
 .debug_loc     0x0000b37a       0x21 build/default/production/_ext/1688732426/system_init.o
 .debug_loc     0x0000b39b      0xa3d /Applications/microchip/xc32/v1.42/bin/bin/../../lib/gcc/pic32mx/4.8.3/libgcc.a(_umoddi3.o)

.debug_macinfo
 *(.debug_macinfo)

.debug_weaknames
 *(.debug_weaknames)

.debug_funcnames
 *(.debug_funcnames)

.debug_typenames
 *(.debug_typenames)

.debug_varnames
 *(.debug_varnames)

.debug_pubtypes
 *(.debug_pubtypes)

.debug_ranges   0x00000000     0x1a00
 *(.debug_ranges)
 .debug_ranges  0x00000000       0x20 build/default/production/_ext/1688732426/system_interrupt_a.o
 .debug_ranges  0x00000020       0x20 build/default/production/_ext/1360937237/app.o
 .debug_ranges  0x00000040      0x1a0 build/default/production/_ext/1360937237/debug.o
 .debug_ranges  0x000001e0       0x10 build/default/production/_ext/1360937237/main.o
 .debug_ranges  0x000001f0       0x50 build/default/production/_ext/1360937237/message.o
 .debug_ranges  0x00000240      0xee0 build/default/production/_ext/260586732/drv_usart.o
 .debug_ranges  0x00001120      0x168 build/default/production/_ext/260586732/drv_usart_buffer_queue.o
 .debug_ranges  0x00001288       0x78 build/default/production/_ext/24337685/osal_freertos.o
 .debug_ranges  0x00001300       0x68 build/default/production/_ext/1271179505/sys_devcon.o
 .debug_ranges  0x00001368       0x10 build/default/production/_ext/1271179505/sys_devcon_pic32mx.o
 .debug_ranges  0x00001378       0x50 build/default/production/_ext/122796885/sys_int_pic32.o
 .debug_ranges  0x000013c8       0x28 build/default/production/_ext/1856876499/heap_1.o
 .debug_ranges  0x000013f0       0x48 build/default/production/_ext/12131622/port.o
 .debug_ranges  0x00001438       0x30 build/default/production/_ext/1128951024/list.o
 .debug_ranges  0x00001468       0xa0 build/default/production/_ext/1128951024/queue.o
 .debug_ranges  0x00001508      0x1a8 build/default/production/_ext/1128951024/tasks.o
 .debug_ranges  0x000016b0       0x98 build/default/production/_ext/1128951024/event_groups.o
 .debug_ranges  0x00001748       0x40 build/default/production/_ext/639803181/sys_clk_static.o
 .debug_ranges  0x00001788       0xf8 build/default/production/_ext/822048611/sys_ports_static.o
 .debug_ranges  0x00001880       0x18 build/default/production/_ext/1688732426/rtos_hooks.o
 .debug_ranges  0x00001898       0x10 build/default/production/_ext/1688732426/system_exceptions.o
 .debug_ranges  0x000018a8       0x10 build/default/production/_ext/1688732426/system_init.o
 .debug_ranges  0x000018b8       0x10 build/default/production/_ext/1688732426/system_interrupt.o
 .debug_ranges  0x000018c8       0x20 build/default/production/_ext/1688732426/system_tasks.o
 .debug_ranges  0x000018e8       0xd8 /Applications/microchip/xc32/v1.42/bin/bin/../../lib/gcc/pic32mx/4.8.3/libgcc.a(_umoddi3.o)
 .debug_ranges  0x000019c0       0x10 /Applications/microchip/xc32/v1.42/bin/bin/../../lib/gcc/pic32mx/4.8.3/../../../../pic32mx/lib/libpic32.a(default-bootstrap-exception-handler.o)
 .debug_ranges  0x000019d0       0x10 /Applications/microchip/xc32/v1.42/bin/bin/../../lib/gcc/pic32mx/4.8.3/../../../../pic32mx/lib/libpic32.a(default-on-reset.o)
 .debug_ranges  0x000019e0       0x10 /Applications/microchip/xc32/v1.42/bin/bin/../../lib/gcc/pic32mx/4.8.3/../../../../pic32mx/lib/libpic32.a(default-on-bootstrap.o)
 .debug_ranges  0x000019f0       0x10 /Applications/microchip/xc32/v1.42/bin/bin/../../lib/gcc/pic32mx/4.8.3/../../../../pic32mx/lib/libpic32.a(defaultinterrupt.o)

.gnu.attributes
                0x00000000       0x10
 *(.gnu.attributes)
 .gnu.attributes
                0x00000000       0x10 build/default/production/_ext/1360937237/app.o
 .gnu.attributes
                0x00000010       0x10 build/default/production/_ext/1360937237/debug.o
 .gnu.attributes
                0x00000020       0x10 build/default/production/_ext/1360937237/main.o
 .gnu.attributes
                0x00000030       0x10 build/default/production/_ext/1360937237/message.o
 .gnu.attributes
                0x00000040       0x10 build/default/production/_ext/260586732/drv_usart.o
 .gnu.attributes
                0x00000050       0x10 build/default/production/_ext/260586732/drv_usart_buffer_queue.o
 .gnu.attributes
                0x00000060       0x10 build/default/production/_ext/24337685/osal_freertos.o
 .gnu.attributes
                0x00000070       0x10 build/default/production/_ext/1271179505/sys_devcon.o
 .gnu.attributes
                0x00000080       0x10 build/default/production/_ext/1271179505/sys_devcon_pic32mx.o
 .gnu.attributes
                0x00000090       0x10 build/default/production/_ext/122796885/sys_int_pic32.o
 .gnu.attributes
                0x000000a0       0x10 build/default/production/_ext/1856876499/heap_1.o
 .gnu.attributes
                0x000000b0       0x10 build/default/production/_ext/12131622/port.o
 .gnu.attributes
                0x000000c0       0x10 build/default/production/_ext/1128951024/croutine.o
 .gnu.attributes
                0x000000d0       0x10 build/default/production/_ext/1128951024/list.o
 .gnu.attributes
                0x000000e0       0x10 build/default/production/_ext/1128951024/queue.o
 .gnu.attributes
                0x000000f0       0x10 build/default/production/_ext/1128951024/tasks.o
 .gnu.attributes
                0x00000100       0x10 build/default/production/_ext/1128951024/timers.o
 .gnu.attributes
                0x00000110       0x10 build/default/production/_ext/1128951024/event_groups.o
 .gnu.attributes
                0x00000120       0x10 build/default/production/_ext/639803181/sys_clk_static.o
 .gnu.attributes
                0x00000130       0x10 build/default/production/_ext/822048611/sys_ports_static.o
 .gnu.attributes
                0x00000140       0x10 build/default/production/_ext/1688732426/rtos_hooks.o
 .gnu.attributes
                0x00000150       0x10 build/default/production/_ext/1688732426/system_exceptions.o
 .gnu.attributes
                0x00000160       0x10 build/default/production/_ext/1688732426/system_init.o
 .gnu.attributes
                0x00000170       0x10 build/default/production/_ext/1688732426/system_interrupt.o
 .gnu.attributes
                0x00000180       0x10 build/default/production/_ext/1688732426/system_tasks.o
 .gnu.attributes
                0x00000190       0x10 /Applications/microchip/xc32/v1.42/bin/bin/../../lib/gcc/pic32mx/4.8.3/libgcc.a(_umoddi3.o)
 .gnu.attributes
                0x000001a0       0x10 /Applications/microchip/xc32/v1.42/bin/bin/../../lib/gcc/pic32mx/4.8.3/../../../../pic32mx/lib/libpic32.a(default-bootstrap-exception-handler.o)
 .gnu.attributes
                0x000001b0       0x10 /Applications/microchip/xc32/v1.42/bin/bin/../../lib/gcc/pic32mx/4.8.3/../../../../pic32mx/lib/libpic32.a(default-on-reset.o)
 .gnu.attributes
                0x000001c0       0x10 /Applications/microchip/xc32/v1.42/bin/bin/../../lib/gcc/pic32mx/4.8.3/../../../../pic32mx/lib/libpic32.a(default-on-bootstrap.o)
 .gnu.attributes
                0x000001d0       0x10 /Applications/microchip/xc32/v1.42/bin/bin/../../lib/gcc/pic32mx/4.8.3/../../../../pic32mx/lib/libpic32.a(defaultinterrupt.o)
LOAD /Applications/microchip/xc32/v1.42/bin/bin/../../lib/gcc/pic32mx/4.8.3/libgcc.a
START GROUP
LOAD /Applications/microchip/xc32/v1.42/bin/bin/../../lib/gcc/pic32mx/4.8.3/../../../../pic32mx/lib/libpic32.a
LOAD /Applications/microchip/xc32/v1.42/bin/bin/../../lib/gcc/pic32mx/4.8.3/../../../../pic32mx/lib/libdebug.a
LOAD /Applications/microchip/xc32/v1.42/bin/bin/../../lib/gcc/pic32mx/4.8.3/../../../../pic32mx/lib/libpic32.a
LOAD /Applications/microchip/xc32/v1.42/bin/bin/../../lib/gcc/pic32mx/4.8.3/../../../../pic32mx/lib/libm.a
LOAD /Applications/microchip/xc32/v1.42/bin/bin/../../lib/gcc/pic32mx/4.8.3/../../../../pic32mx/lib/libe.a
LOAD /Applications/microchip/xc32/v1.42/bin/bin/../../lib/gcc/pic32mx/4.8.3/../../../../pic32mx/lib/libdsp.a
LOAD /Applications/microchip/xc32/v1.42/bin/bin/../../lib/gcc/pic32mx/4.8.3/libgcc.a
LOAD /Applications/microchip/xc32/v1.42/bin/bin/../../lib/gcc/pic32mx/4.8.3/../../../../pic32mx/lib/liblega-c.a
LOAD /Applications/microchip/xc32/v1.42/bin/bin/../../lib/gcc/pic32mx/4.8.3/../../../../pic32mx/lib/libpic32.a
END GROUP
LOAD /Applications/microchip/xc32/v1.42/bin/bin/../../lib/gcc/pic32mx/4.8.3/libgcc.a
OUTPUT(dist/default/production/10_24.X.production.elf elf32-tradlittlemips)
LOAD stack
LOAD data_init

.reginfo        0x00000000       0x18
 .reginfo       0x00000000       0x18 /Applications/microchip/xc32/v1.42/bin/bin/../../lib/gcc/pic32mx/4.8.3/../../../../pic32mx/lib/./proc/32MX795F512L/crt0_mips32r2.o

.stack          0xa00033a0      0x400
 .stack         0xa00033a0      0x400 stack

.bss            0xa000047c     0x2f08
 .bss           0xa000047c     0x2800 build/default/production/_ext/1856876499/heap_1.o
 .bss           0xa0002c7c      0x640 build/default/production/_ext/12131622/port.o
                0xa0002c7c                xISRStack
 .bss           0xa00032bc       0xc8 build/default/production/_ext/1128951024/tasks.o

._debug_exception
                0xbfc00480       0x2c
 ._debug_exception
                0xbfc00480       0x2c /Applications/microchip/xc32/v1.42/bin/bin/../../lib/gcc/pic32mx/4.8.3/../../../../pic32mx/lib/debug-exception-return.o
                0xbfc00480                __DbgExecReturn

.text._DRV_USART_HardwareSetup
                0x9d000000     0x1138
 .text._DRV_USART_HardwareSetup
                0x9d000000     0x1138 build/default/production/_ext/260586732/drv_usart.o
                0x9d000000                _DRV_USART_HardwareSetup

.text._DRV_USART_BufferQueueTxTasks
                0x9d001138      0x52c
 .text._DRV_USART_BufferQueueTxTasks
                0x9d001138      0x52c build/default/production/_ext/260586732/drv_usart.o
                0x9d001138                _DRV_USART_BufferQueueTxTasks

.text           0x9d001664      0x8b8
 .text          0x9d001664      0x464 /Applications/microchip/xc32/v1.42/bin/bin/../../lib/gcc/pic32mx/4.8.3/libgcc.a(_umoddi3.o)
                0x9d001664                __umoddi3
 .text          0x9d001ac8      0x454 build/default/production/_ext/12131622/port_asm.o
                0x9d001ac8                vPortTickInterruptHandler
                0x9d001c74                vPortStartFirstTask
                0x9d001d3c                vPortYieldISR

.text.DRV_USART_BufferAddWrite
                0x9d001f1c      0x3f0
 .text.DRV_USART_BufferAddWrite
                0x9d001f1c      0x3f0 build/default/production/_ext/260586732/drv_usart_buffer_queue.o
                0x9d001f1c                DRV_USART_BufferAddWrite

.text.DRV_USART_Initialize
                0x9d00230c      0x380
 .text.DRV_USART_Initialize
                0x9d00230c      0x380 build/default/production/_ext/260586732/drv_usart.o
                0x9d00230c                DRV_USART_Initialize

.text.xTaskGenericCreate
                0x9d00268c      0x2e0
 .text.xTaskGenericCreate
                0x9d00268c      0x2e0 build/default/production/_ext/1128951024/tasks.o
                0x9d00268c                xTaskGenericCreate

.text.APP_Tasks
                0x9d00296c      0x288
 .text.APP_Tasks
                0x9d00296c      0x288 build/default/production/_ext/1360937237/app.o
                0x9d00296c                APP_Tasks

.text._DRV_USART_BufferQueueRxTasks
                0x9d002bf4      0x278
 .text._DRV_USART_BufferQueueRxTasks
                0x9d002bf4      0x278 build/default/production/_ext/260586732/drv_usart.o
                0x9d002bf4                _DRV_USART_BufferQueueRxTasks

.text.DRV_USART_BufferAddRead
                0x9d002e6c      0x278
 .text.DRV_USART_BufferAddRead
                0x9d002e6c      0x278 build/default/production/_ext/260586732/drv_usart_buffer_queue.o
                0x9d002e6c                DRV_USART_BufferAddRead

.text.xQueueGenericReceive
                0x9d0030e4      0x24c
 .text.xQueueGenericReceive
                0x9d0030e4      0x24c build/default/production/_ext/1128951024/queue.o
                0x9d0030e4                xQueueGenericReceive

.text.xQueueGenericSend
                0x9d003330      0x208
 .text.xQueueGenericSend
                0x9d003330      0x208 build/default/production/_ext/1128951024/queue.o
                0x9d003330                xQueueGenericSend

.text.DRV_USART_TasksError
                0x9d003538      0x1ec
 .text.DRV_USART_TasksError
                0x9d003538      0x1ec build/default/production/_ext/260586732/drv_usart.o
                0x9d003538                DRV_USART_TasksError

.DrvUsartInstance0_vector_text
                0x9d003724      0x1b4
 .DrvUsartInstance0_vector_text
                0x9d003724      0x1b4 build/default/production/_ext/1688732426/system_interrupt_a.o

.text.xTaskIncrementTick
                0x9d0038d8      0x19c
 .text.xTaskIncrementTick
                0x9d0038d8      0x19c build/default/production/_ext/1128951024/tasks.o
                0x9d0038d8                xTaskIncrementTick

.text.dbgOutputVal
                0x9d003a74      0x194
 .text.dbgOutputVal
                0x9d003a74      0x194 build/default/production/_ext/1360937237/debug.o
                0x9d003a74                dbgOutputVal

.text.dbgOutputLoc
                0x9d003c08      0x194
 .text.dbgOutputLoc
                0x9d003c08      0x194 build/default/production/_ext/1360937237/debug.o
                0x9d003c08                dbgOutputLoc

.text.DRV_USART_Open
                0x9d003d9c      0x184
 .text.DRV_USART_Open
                0x9d003d9c      0x184 build/default/production/_ext/260586732/drv_usart.o
                0x9d003d9c                DRV_USART_Open

.text           0x9d003f20      0x168
 .text          0x9d003f20      0x168 /Applications/microchip/xc32/v1.42/bin/bin/../../lib/gcc/pic32mx/4.8.3/../../../../pic32mx/lib/libpic32.a(memcpy.o)
                0x9d003f20                memcpy

.text.xTaskResumeAll
                0x9d004088      0x154
 .text.xTaskResumeAll
                0x9d004088      0x154 build/default/production/_ext/1128951024/tasks.o
                0x9d004088                xTaskResumeAll

.text.vTaskPriorityInherit
                0x9d0041dc      0x12c
 .text.vTaskPriorityInherit
                0x9d0041dc      0x12c build/default/production/_ext/1128951024/tasks.o
                0x9d0041dc                vTaskPriorityInherit

.rodata         0x9d004308      0x128
 .rodata        0x9d004308      0x128 build/default/production/_ext/1688732426/system_exceptions.o

.text.prvUnlockQueue
                0x9d004430      0x104
 .text.prvUnlockQueue
                0x9d004430      0x104 build/default/production/_ext/1128951024/queue.o

.text.prvCopyDataToQueue
                0x9d004534       0xfc
 .text.prvCopyDataToQueue
                0x9d004534       0xfc build/default/production/_ext/1128951024/queue.o

.text.xTaskPriorityDisinherit
                0x9d004630       0xf8
 .text.xTaskPriorityDisinherit
                0x9d004630       0xf8 build/default/production/_ext/1128951024/tasks.o
                0x9d004630                xTaskPriorityDisinherit

.text.vTaskSwitchContext
                0x9d004728       0xe0
 .text.vTaskSwitchContext
                0x9d004728       0xe0 build/default/production/_ext/1128951024/tasks.o
                0x9d004728                vTaskSwitchContext

.text.SYS_DEVCON_PerformanceConfig
                0x9d004808       0xdc
 .text.SYS_DEVCON_PerformanceConfig
                0x9d004808       0xdc build/default/production/_ext/1271179505/sys_devcon_pic32mx.o
                0x9d004808                SYS_DEVCON_PerformanceConfig

.text.general_exception
                0x9d0048e4       0xdc
 .text.general_exception
                0x9d0048e4       0xdc /Applications/microchip/xc32/v1.42/bin/bin/../../lib/gcc/pic32mx/4.8.3/../../../../pic32mx/lib/libpic32.a(general-exception.o)
                0x9d0048e4                _general_exception_context

.text.createLFMsg
                0x9d0049c0       0xc4
 .text.createLFMsg
                0x9d0049c0       0xc4 build/default/production/_ext/1360937237/message.o
                0x9d0049c0                createLFMsg

.text.xQueueGenericReset
                0x9d004a84       0xc4
 .text.xQueueGenericReset
                0x9d004a84       0xc4 build/default/production/_ext/1128951024/queue.o
                0x9d004a84                xQueueGenericReset

.text.xQueueGiveFromISR
                0x9d004b48       0xc4
 .text.xQueueGiveFromISR
                0x9d004b48       0xc4 build/default/production/_ext/1128951024/queue.o
                0x9d004b48                xQueueGiveFromISR

.text.xTaskRemoveFromEventList
                0x9d004c0c       0xbc
 .text.xTaskRemoveFromEventList
                0x9d004c0c       0xbc build/default/production/_ext/1128951024/tasks.o
                0x9d004c0c                xTaskRemoveFromEventList

.text.pvPortMalloc
                0x9d004cc8       0xb8
 .text.pvPortMalloc
                0x9d004cc8       0xb8 build/default/production/_ext/1856876499/heap_1.o
                0x9d004cc8                pvPortMalloc

.text.prvIdleTask
                0x9d004d80       0xb4
 .text.prvIdleTask
                0x9d004d80       0xb4 build/default/production/_ext/1128951024/tasks.o

.text.APP_Initialize
                0x9d004e34       0xb0
 .text.APP_Initialize
                0x9d004e34       0xb0 build/default/production/_ext/1360937237/app.o
                0x9d004e34                APP_Initialize

.text.DRV_USART_TasksReceive
                0x9d004ee4       0xac
 .text.DRV_USART_TasksReceive
                0x9d004ee4       0xac build/default/production/_ext/260586732/drv_usart.o
                0x9d004ee4                DRV_USART_TasksReceive

.text.DRV_USART_TasksTransmit
                0x9d004f90       0xac
 .text.DRV_USART_TasksTransmit
                0x9d004f90       0xac build/default/production/_ext/260586732/drv_usart.o
                0x9d004f90                DRV_USART_TasksTransmit

.text           0x9d00503c       0xa8
 .text          0x9d00503c       0xa8 /Applications/microchip/xc32/v1.42/bin/bin/../../lib/gcc/pic32mx/4.8.3/../../../../pic32mx/lib/libpic32.a(memset.o)
                0x9d00503c                memset

.text.xTaskCheckForTimeOut
                0x9d0050e4       0xa0
 .text.xTaskCheckForTimeOut
                0x9d0050e4       0xa0 build/default/production/_ext/1128951024/tasks.o
                0x9d0050e4                xTaskCheckForTimeOut

.dinit          0x9d005184       0xa0
 .dinit         0x9d005184       0xa0 data_init

.text.SYS_Initialize
                0x9d005224       0x9c
 .text.SYS_Initialize
                0x9d005224       0x9c build/default/production/_ext/1688732426/system_init.o
                0x9d005224                SYS_Initialize

.text.OSAL_SEM_Create
                0x9d0052c0       0x94
 .text.OSAL_SEM_Create
                0x9d0052c0       0x94 build/default/production/_ext/24337685/osal_freertos.o
                0x9d0052c0                OSAL_SEM_Create

.text.xQueueGenericCreate
                0x9d005354       0x94
 .text.xQueueGenericCreate
                0x9d005354       0x94 build/default/production/_ext/1128951024/queue.o
                0x9d005354                xQueueGenericCreate

.text.vTaskPlaceOnEventList
                0x9d0053e8       0x94
 .text.vTaskPlaceOnEventList
                0x9d0053e8       0x94 build/default/production/_ext/1128951024/tasks.o
                0x9d0053e8                vTaskPlaceOnEventList

.text.vTaskStartScheduler
                0x9d00547c       0x84
 .text.vTaskStartScheduler
                0x9d00547c       0x84 build/default/production/_ext/1128951024/tasks.o
                0x9d00547c                vTaskStartScheduler

.text.packLFMsg
                0x9d005500       0x80
 .text.packLFMsg
                0x9d005500       0x80 build/default/production/_ext/1360937237/message.o
                0x9d005500                packLFMsg

.text.xQueueCreateMutex
                0x9d005580       0x80
 .text.xQueueCreateMutex
                0x9d005580       0x80 build/default/production/_ext/1128951024/queue.o
                0x9d005580                xQueueCreateMutex

.text.SYS_Tasks
                0x9d005600       0x78
 .text.SYS_Tasks
                0x9d005600       0x78 build/default/production/_ext/1688732426/system_tasks.o
                0x9d005600                SYS_Tasks

.text.prvAddCurrentTaskToDelayedList
                0x9d005678       0x70
 .text.prvAddCurrentTaskToDelayedList
                0x9d005678       0x70 build/default/production/_ext/1128951024/tasks.o

.text.vApplicationSetupTickTimerInterrupt
                0x9d0056e8       0x6c
 .text.vApplicationSetupTickTimerInterrupt
                0x9d0056e8       0x6c build/default/production/_ext/12131622/port.o
                0x9d0056e8                vApplicationSetupTickTimerInterrupt

.text.vTaskExitCritical
                0x9d005754       0x68
 .text.vTaskExitCritical
                0x9d005754       0x68 build/default/production/_ext/1128951024/tasks.o
                0x9d005754                vTaskExitCritical

.text.APP_USARTBufferEventHandler
                0x9d0057bc       0x60
 .text.APP_USARTBufferEventHandler
                0x9d0057bc       0x60 build/default/production/_ext/1360937237/app.o
                0x9d0057bc                APP_USARTBufferEventHandler

.text.xPortStartScheduler
                0x9d00581c       0x5c
 .text.xPortStartScheduler
                0x9d00581c       0x5c build/default/production/_ext/12131622/port.o
                0x9d00581c                xPortStartScheduler

.text.vListInsert
                0x9d005878       0x5c
 .text.vListInsert
                0x9d005878       0x5c build/default/production/_ext/1128951024/list.o
                0x9d005878                vListInsert

.text.SYS_DEVCON_SystemUnlock
                0x9d0058d4       0x58
 .text.SYS_DEVCON_SystemUnlock
                0x9d0058d4       0x58 build/default/production/_ext/1271179505/sys_devcon.o
                0x9d0058d4                SYS_DEVCON_SystemUnlock

.text.SYS_INT_SourceDisable
                0x9d00592c       0x58
 .text.SYS_INT_SourceDisable
                0x9d00592c       0x58 build/default/production/_ext/122796885/sys_int_pic32.o
                0x9d00592c                SYS_INT_SourceDisable

.text.SYS_CLK_Initialize
                0x9d005984       0x58
 .text.SYS_CLK_Initialize
                0x9d005984       0x58 build/default/production/_ext/639803181/sys_clk_static.o
                0x9d005984                SYS_CLK_Initialize

.text.main_entry
                0x9d0059dc       0x54
 .text.main_entry
                0x9d0059dc       0x54 /Applications/microchip/xc32/v1.42/bin/bin/../../lib/gcc/pic32mx/4.8.3/../../../../pic32mx/lib/./proc/32MX795F512L/crt0_mips32r2.o
                0x9d005a10                __crt0_exit

.text.pxPortInitialiseStack
                0x9d005a30       0x54
 .text.pxPortInitialiseStack
                0x9d005a30       0x54 build/default/production/_ext/12131622/port.o
                0x9d005a30                pxPortInitialiseStack

.text.vPortIncrementTick
                0x9d005a84       0x54
 .text.vPortIncrementTick
                0x9d005a84       0x54 build/default/production/_ext/12131622/port.o
                0x9d005a84                vPortIncrementTick

.text.prvCopyDataFromQueue
                0x9d005ad8       0x50
 .text.prvCopyDataFromQueue
                0x9d005ad8       0x50 build/default/production/_ext/1128951024/queue.o

.text.vTaskEnterCritical
                0x9d005b28       0x50
 .text.vTaskEnterCritical
                0x9d005b28       0x50 build/default/production/_ext/1128951024/tasks.o
                0x9d005b28                vTaskEnterCritical

.text.OSAL_SEM_PostISR
                0x9d005b78       0x4c
 .text.OSAL_SEM_PostISR
                0x9d005b78       0x4c build/default/production/_ext/24337685/osal_freertos.o
                0x9d005b78                OSAL_SEM_PostISR

.rodata         0x9d005bc4       0x4c
 .rodata        0x9d005bc4       0x4c build/default/production/_ext/1688732426/system_init.o
                0x9d005bc4                sysDevconInit
                0x9d005bc8                drvUsart0InitData

.text.SYS_DEVCON_SystemLock
                0x9d005c10       0x48
 .text.SYS_DEVCON_SystemLock
                0x9d005c10       0x48 build/default/production/_ext/1271179505/sys_devcon.o
                0x9d005c10                SYS_DEVCON_SystemLock

.text._bootstrap_exception_handler
                0x9d005c58       0x48
 .text._bootstrap_exception_handler
                0x9d005c58       0x48 /Applications/microchip/xc32/v1.42/bin/bin/../../lib/gcc/pic32mx/4.8.3/../../../../pic32mx/lib/libpic32.a(default-bootstrap-exception-handler.o)
                0x9d005c58                _bootstrap_exception_handler

.vector_default
                0x9d005ca0       0x48
 .vector_default
                0x9d005ca0       0x48 /Applications/microchip/xc32/v1.42/bin/bin/../../lib/gcc/pic32mx/4.8.3/../../../../pic32mx/lib/libpic32.a(defaultinterrupt.o)
                0x9d005ca0                _DefaultInterrupt

.text.OSAL_MUTEX_Lock
                0x9d005ce8       0x44
 .text.OSAL_MUTEX_Lock
                0x9d005ce8       0x44 build/default/production/_ext/24337685/osal_freertos.o
                0x9d005ce8                OSAL_MUTEX_Lock

.text.uxListRemove
                0x9d005d2c       0x44
 .text.uxListRemove
                0x9d005d2c       0x44 build/default/production/_ext/1128951024/list.o
                0x9d005d2c                uxListRemove

.text           0x9d005d70       0x44
 .text          0x9d005d70       0x44 /Applications/microchip/xc32/v1.42/bin/bin/../../lib/gcc/pic32mx/4.8.3/../../../../pic32mx/lib/pic32_software_reset.o
                0x9d005d70                __pic32_software_reset

.text.SYS_PORTS_Initialize
                0x9d005db4       0x40
 .text.SYS_PORTS_Initialize
                0x9d005db4       0x40 build/default/production/_ext/822048611/sys_ports_static.o
                0x9d005db4                SYS_PORTS_Initialize

.text._general_exception_handler
                0x9d005df4       0x40
 .text._general_exception_handler
                0x9d005df4       0x40 build/default/production/_ext/1688732426/system_exceptions.o
                0x9d005df4                _general_exception_handler

.text.OSAL_MUTEX_Create
                0x9d005e34       0x3c
 .text.OSAL_MUTEX_Create
                0x9d005e34       0x3c build/default/production/_ext/24337685/osal_freertos.o
                0x9d005e34                OSAL_MUTEX_Create

.text.uxPortSetInterruptMaskFromISR
                0x9d005e70       0x3c
 .text.uxPortSetInterruptMaskFromISR
                0x9d005e70       0x3c build/default/production/_ext/12131622/port.o
                0x9d005e70                uxPortSetInterruptMaskFromISR

.text.prvResetNextTaskUnblockTime
                0x9d005eac       0x38
 .text.prvResetNextTaskUnblockTime
                0x9d005eac       0x38 build/default/production/_ext/1128951024/tasks.o

.text.IntHandlerDrvUsartInstance0
                0x9d005ee4       0x38
 .text.IntHandlerDrvUsartInstance0
                0x9d005ee4       0x38 build/default/production/_ext/1688732426/system_interrupt.o
                0x9d005ee4                IntHandlerDrvUsartInstance0

.text.xQueueCreateCountingSemaphore
                0x9d005f1c       0x34
 .text.xQueueCreateCountingSemaphore